Archive member included to satisfy reference by file (symbol)

app/libapp.a(main.c.obj)      (--whole-archive)
zephyr/libzephyr.a(validate_libc.c.obj)
                              (--whole-archive)
zephyr/libzephyr.a(heap.c.obj)
                              (--whole-archive)
zephyr/libzephyr.a(cbprintf_packaged.c.obj)
                              (--whole-archive)
zephyr/libzephyr.a(clock.c.obj)
                              (--whole-archive)
zephyr/libzephyr.a(printk.c.obj)
                              (--whole-archive)
zephyr/libzephyr.a(sem.c.obj)
                              (--whole-archive)
zephyr/libzephyr.a(thread_entry.c.obj)
                              (--whole-archive)
zephyr/libzephyr.a(cbprintf_complete.c.obj)
                              (--whole-archive)
zephyr/libzephyr.a(assert.c.obj)
                              (--whole-archive)
zephyr/libzephyr.a(mpsc_pbuf.c.obj)
                              (--whole-archive)
zephyr/libzephyr.a(dec.c.obj)
                              (--whole-archive)
zephyr/libzephyr.a(hex.c.obj)
                              (--whole-archive)
zephyr/libzephyr.a(rb.c.obj)  (--whole-archive)
zephyr/libzephyr.a(timeutil.c.obj)
                              (--whole-archive)
zephyr/libzephyr.a(bitarray.c.obj)
                              (--whole-archive)
zephyr/libzephyr.a(bitmask.c.obj)
                              (--whole-archive)
zephyr/libzephyr.a(onoff.c.obj)
                              (--whole-archive)
zephyr/libzephyr.a(notify.c.obj)
                              (--whole-archive)
zephyr/libzephyr.a(ring_buffer.c.obj)
                              (--whole-archive)
zephyr/libzephyr.a(last_section_id.c.obj)
                              (--whole-archive)
zephyr/libzephyr.a(configs.c.obj)
                              (--whole-archive)
zephyr/libzephyr.a(log_core.c.obj)
                              (--whole-archive)
zephyr/libzephyr.a(log_mgmt.c.obj)
                              (--whole-archive)
zephyr/libzephyr.a(log_cache.c.obj)
                              (--whole-archive)
zephyr/libzephyr.a(log_msg.c.obj)
                              (--whole-archive)
zephyr/libzephyr.a(log_output.c.obj)
                              (--whole-archive)
zephyr/libzephyr.a(log_backend_uart.c.obj)
                              (--whole-archive)
zephyr/libzephyr.a(tracing_none.c.obj)
                              (--whole-archive)
zephyr/libzephyr.a(lis2mdl_reg.c.obj)
                              (--whole-archive)
zephyr/arch/common/libarch__common.a(sw_isr_common.c.obj)
                              (--whole-archive)
zephyr/arch/common/libarch__common.a(init.c.obj)
                              (--whole-archive)
zephyr/arch/common/libarch__common.a(xip.c.obj)
                              (--whole-archive)
zephyr/arch/arch/arm/core/libarch__arm__core.a(fatal.c.obj)
                              (--whole-archive)
zephyr/arch/arch/arm/core/libarch__arm__core.a(nmi.c.obj)
                              (--whole-archive)
zephyr/arch/arch/arm/core/libarch__arm__core.a(nmi_on_reset.S.obj)
                              (--whole-archive)
zephyr/arch/arch/arm/core/libarch__arm__core.a(tls.c.obj)
                              (--whole-archive)
zephyr/arch/arch/arm/core/cortex_m/libarch__arm__core__cortex_m.a(exc_exit.c.obj)
                              (--whole-archive)
zephyr/arch/arch/arm/core/cortex_m/libarch__arm__core__cortex_m.a(fault.c.obj)
                              (--whole-archive)
zephyr/arch/arch/arm/core/cortex_m/libarch__arm__core__cortex_m.a(fault_s.S.obj)
                              (--whole-archive)
zephyr/arch/arch/arm/core/cortex_m/libarch__arm__core__cortex_m.a(fpu.c.obj)
                              (--whole-archive)
zephyr/arch/arch/arm/core/cortex_m/libarch__arm__core__cortex_m.a(reset.S.obj)
                              (--whole-archive)
zephyr/arch/arch/arm/core/cortex_m/libarch__arm__core__cortex_m.a(scb.c.obj)
                              (--whole-archive)
zephyr/arch/arch/arm/core/cortex_m/libarch__arm__core__cortex_m.a(thread_abort.c.obj)
                              (--whole-archive)
zephyr/arch/arch/arm/core/cortex_m/libarch__arm__core__cortex_m.a(vector_table.S.obj)
                              (--whole-archive)
zephyr/arch/arch/arm/core/cortex_m/libarch__arm__core__cortex_m.a(swap_helper.S.obj)
                              (--whole-archive)
zephyr/arch/arch/arm/core/cortex_m/libarch__arm__core__cortex_m.a(irq_manage.c.obj)
                              (--whole-archive)
zephyr/arch/arch/arm/core/cortex_m/libarch__arm__core__cortex_m.a(prep_c.c.obj)
                              (--whole-archive)
zephyr/arch/arch/arm/core/cortex_m/libarch__arm__core__cortex_m.a(thread.c.obj)
                              (--whole-archive)
zephyr/arch/arch/arm/core/cortex_m/libarch__arm__core__cortex_m.a(cpu_idle.c.obj)
                              (--whole-archive)
[...]
Memory Configuration

Name             Origin             Length             Attributes
FLASH            0x0000000000000000 0x0000000000080000 xr
RAM              0x0000000020000000 0x0000000000020000 xw
IDT_LIST         0x00000000ffff7fff 0x0000000000008000 xw
*default*        0x0000000000000000 0xffffffffffffffff

Linker script and memory map

                0x000000000001bf2c                vfprintf = __l_vfprintf
                0x0000000000000000                vfscanf = __l_vfscanf
LOAD zephyr/CMakeFiles/zephyr_pre0.dir/misc/empty_file.c.obj
LOAD zephyr/CMakeFiles/offsets.dir/./arch/arm/core/offsets/offsets.c.obj
LOAD app/libapp.a
LOAD zephyr/libzephyr.a
LOAD zephyr/arch/common/libarch__common.a
LOAD zephyr/arch/arch/arm/core/libarch__arm__core.a
LOAD zephyr/arch/arch/arm/core/cortex_m/libarch__arm__core__cortex_m.a
LOAD zephyr/lib/libc/picolibc/liblib__libc__picolibc.a
LOAD zephyr/lib/libc/common/liblib__libc__common.a
LOAD zephyr/lib/net_buf/liblib__net_buf.a
LOAD zephyr/soc/soc/nrf52833/libsoc__nordic.a
LOAD zephyr/subsys/random/libsubsys__random.a
LOAD zephyr/subsys/bluetooth/common/libsubsys__bluetooth__common.a
LOAD zephyr/subsys/bluetooth/host/libsubsys__bluetooth__host.a
LOAD zephyr/subsys/bluetooth/controller/libsubsys__bluetooth__controller.a
LOAD zephyr/subsys/bluetooth/controller/ll_sw/nordic/libsubsys__bluetooth__controller__ll_sw__nordic.a
LOAD zephyr/subsys/input/libsubsys__input.a
LOAD zephyr/drivers/clock_control/libdrivers__clock_control.a
LOAD zephyr/drivers/console/libdrivers__console.a
LOAD zephyr/drivers/display/libdrivers__display.a
LOAD zephyr/drivers/entropy/libdrivers__entropy.a
LOAD zephyr/drivers/gpio/libdrivers__gpio.a
LOAD zephyr/drivers/i2c/libdrivers__i2c.a
LOAD zephyr/drivers/input/libdrivers__input.a
LOAD zephyr/drivers/pinctrl/libdrivers__pinctrl.a
LOAD zephyr/drivers/pwm/libdrivers__pwm.a
LOAD zephyr/drivers/sensor/nordic/temp/libdrivers__sensor__nordic__temp.a
LOAD zephyr/drivers/sensor/st/stmemsc/libdrivers__sensor__st__stmemsc.a
LOAD zephyr/drivers/sensor/st/lis2dh/libdrivers__sensor__st__lis2dh.a
LOAD zephyr/drivers/sensor/st/lis2mdl/libdrivers__sensor__st__lis2mdl.a
LOAD zephyr/drivers/serial/libdrivers__serial.a
LOAD zephyr/drivers/timer/libdrivers__timer.a
LOAD modules/hal_nordic/nrfx/libmodules__hal_nordic__nrfx.a
LOAD zephyr/kernel/libkernel.a
LOAD zephyr/arch/common/libisr_tables.a
LOAD /home/mec/zephyr-sdk-0.17.4/arm-zephyr-eabi/bin/../lib/gcc/../../picolibc/arm-zephyr-eabi/lib/thumb/v7e-m/nofp/libc.a
LOAD /home/mec/zephyr-sdk-0.17.4/arm-zephyr-eabi/bin/../lib/gcc/arm-zephyr-eabi/12.2.0/thumb/v7e-m/nofp/libgcc.a
                0x0000000000000004                _region_min_align = 0x4

.rel.plt        0x0000000000000000        0x0
 *(SORT_BY_ALIGNMENT(.rel.plt))
                [!provide]                        PROVIDE (__rel_iplt_start = .)
 *(SORT_BY_ALIGNMENT(.rel.iplt))
 .rel.iplt      0x0000000000000000        0x0 app/libapp.a(main.c.obj)
                [!provide]                        PROVIDE (__rel_iplt_end = .)

.rela.plt       0x0000000000000000        0x0
 *(SORT_BY_ALIGNMENT(.rela.plt))
                [!provide]                        PROVIDE (__rela_iplt_start = .)
 *(SORT_BY_ALIGNMENT(.rela.iplt))
                [!provide]                        PROVIDE (__rela_iplt_end = .)

.rel.dyn
 *(SORT_BY_ALIGNMENT(.rel.*))

.rela.dyn
 *(SORT_BY_ALIGNMENT(.rela.*))

/DISCARD/
 *(SORT_BY_ALIGNMENT(.plt))

/DISCARD/
 *(SORT_BY_ALIGNMENT(.iplt))
                0x0000000000000000                __rom_region_start = 0x0

rom_start       0x0000000000000000      0x100
                0x0000000000000000                __rom_start_address = .
 FILL mask 0x00
                0x0000000000000000                . = (. + (0x0 - (. - __rom_start_address)))
                0x0000000000000000                . = ALIGN (0x4)
                0x0000000000000000                . = ALIGN (0x80)
                0x0000000000000000                . = ALIGN (0x100)
                0x0000000000000000                _vector_start = .
 *(SORT_BY_ALIGNMENT(.exc_vector_table))
 *(SORT_BY_ALIGNMENT(.exc_vector_table.*))
 .exc_vector_table._vector_table_section
                0x0000000000000000       0x40 zephyr/arch/arch/arm/core/cortex_m/libarch__arm__core__cortex_m.a(vector_table.S.obj)
                0x0000000000000000                _vector_table
 *(SORT_BY_ALIGNMENT(.vectors))
                0x0000000000000100                _vector_end = .
                0x0000000000000040                . = ALIGN (0x4)
 *(SORT_BY_ALIGNMENT(.gnu.linkonce.irq_vector_table*))
 .gnu.linkonce.irq_vector_table
                0x0000000000000040       0xc0 zephyr/arch/common/libisr_tables.a(isr_tables.c.obj)
                0x0000000000000040                _irq_vector_table
                0x0000000000000100                _vector_end = .

text            0x0000000000000100    0x20584
                0x0000000000000100                __text_region_start = .
 *(SORT_BY_ALIGNMENT(.text))
 .text          0x0000000000000100       0xa0 /home/mec/zephyr-sdk-0.17.4/arm-zephyr-eabi/bin/../lib/gcc/arm-zephyr-eabi/12.2.0/thumb/v7e-m/nofp/libgcc.a(_aeabi_ldivmod.o)
                0x0000000000000100                __aeabi_ldivmod
 .text          0x00000000000001a0       0x30 /home/mec/zephyr-sdk-0.17.4/arm-zephyr-eabi/bin/../lib/gcc/arm-zephyr-eabi/12.2.0/thumb/v7e-m/nofp/libgcc.a(_aeabi_uldivmod.o)
                0x00000000000001a0                __aeabi_uldivmod
 .text          0x00000000000001d0        0x4 /home/mec/zephyr-sdk-0.17.4/arm-zephyr-eabi/bin/../lib/gcc/arm-zephyr-eabi/12.2.0/thumb/v7e-m/nofp/libgcc.a(_dvmd_tls.o)
                0x00000000000001d0                __aeabi_ldiv0
                0x00000000000001d0                __aeabi_idiv0
 .text          0x00000000000001d4       0x10 /home/mec/zephyr-sdk-0.17.4/arm-zephyr-eabi/bin/../lib/gcc/../../picolibc/arm-zephyr-eabi/lib/thumb/v7e-m/nofp/libc.a(strcpy.S.o)
                0x00000000000001d4                strcpy
 .text          0x00000000000001e4       0x10 /home/mec/zephyr-sdk-0.17.4/arm-zephyr-eabi/bin/../lib/gcc/../../picolibc/arm-zephyr-eabi/lib/thumb/v7e-m/nofp/libc.a(strlen.S.o)
                0x00000000000001e4                strlen
 .text          0x00000000000001f4      0x2a0 /home/mec/zephyr-sdk-0.17.4/arm-zephyr-eabi/bin/../lib/gcc/arm-zephyr-eabi/12.2.0/thumb/v7e-m/nofp/libgcc.a(_udivmoddi4.o)
                0x00000000000001f4                __udivmoddi4
 *(SORT_BY_ALIGNMENT(.text.*))
 *fill*         0x0000000000000494        0x4 
 .text.pwm_set_dt.constprop.0.isra.0
                0x0000000000000498       0x98 app/libapp.a(main.c.obj)
 .text.ull_drift_ticks_get
                0x0000000000000530       0x90 zephyr/subsys/bluetooth/controller/libsubsys__bluetooth__controller.a(ull.c.obj)
                0x0000000000000530                ull_drift_ticks_get
 .text.ll_adv_enable
                0x00000000000005c0      0x338 zephyr/subsys/bluetooth/controller/libsubsys__bluetooth__controller.a(ull_adv.c.obj)
                0x00000000000005c0                ll_adv_enable
 .text.ull_adv_time_update
                0x00000000000008f8       0xbc zephyr/subsys/bluetooth/controller/libsubsys__bluetooth__controller.a(ull_adv.c.obj)
                0x00000000000008f8                ull_adv_time_update
 *fill*         0x00000000000009b4        0x4 
 .text.ull_conn_update_ticker.constprop.0
                0x00000000000009b8      0x134 zephyr/subsys/bluetooth/controller/libsubsys__bluetooth__controller.a(ull_conn.c.obj)
 *fill*         0x0000000000000aec        0x4 
 .text.ull_conn_done
                0x0000000000000af0      0x3e8 zephyr/subsys/bluetooth/controller/libsubsys__bluetooth__controller.a(ull_conn.c.obj)
                0x0000000000000af0                ull_conn_done
 .text.ull_conn_update_parameters
                0x0000000000000ed8      0x2c0 zephyr/subsys/bluetooth/controller/libsubsys__bluetooth__controller.a(ull_conn.c.obj)
                0x0000000000000ed8                ull_conn_update_parameters
 .text.ull_periph_setup
                0x0000000000001198      0x438 zephyr/subsys/bluetooth/controller/libsubsys__bluetooth__controller.a(ull_peripheral.c.obj)
                0x0000000000001198                ull_periph_setup
 .text.prepare_cb
                0x00000000000015d0      0x14c zephyr/subsys/bluetooth/controller/ll_sw/nordic/libsubsys__bluetooth__controller__ll_sw__nordic.a(lll_adv.c.obj)
 *fill*         0x000000000000171c        0x4 
 .text.prepare_cb
                0x0000000000001720      0x278 zephyr/subsys/bluetooth/controller/ll_sw/nordic/libsubsys__bluetooth__controller__ll_sw__nordic.a(lll_peripheral.c.obj)
 .text.lis2dh_attr_set
                0x0000000000001998      0x110 zephyr/drivers/sensor/st/lis2dh/libdrivers__sensor__st__lis2dh.a(lis2dh.c.obj)
 .text.score_ccc_cfg_changed
                0x0000000000001aa8       0x50 app/libapp.a(main.c.obj)
 .text.button_pressed
                0x0000000000001af8       0xc8 app/libapp.a(main.c.obj)
 .text.connected.part.0
                0x0000000000001bc0       0x24 app/libapp.a(main.c.obj)
 .text.connected
                0x0000000000001be4       0x1c app/libapp.a(main.c.obj)
 .text.disconnected
                0x0000000000001c00       0x70 app/libapp.a(main.c.obj)
 .text.draw_frame
                0x0000000000001c70       0x58 app/libapp.a(main.c.obj)
                0x0000000000001c70                draw_frame
 .text.new_obstacle
                0x0000000000001cc8       0x34 app/libapp.a(main.c.obj)
                0x0000000000001cc8                new_obstacle
 .text.game_tick
                0x0000000000001cfc       0xfc app/libapp.a(main.c.obj)
 .text.main     0x0000000000001df8      0x2a4 app/libapp.a(main.c.obj)
                0x0000000000001df8                main
 .text.cbvprintf_package
                0x000000000000209c      0x3a4 zephyr/libzephyr.a(cbprintf_packaged.c.obj)
                0x000000000000209c                cbvprintf_package
 .text.cbprintf_package_convert
                0x0000000000002440      0x3cc zephyr/libzephyr.a(cbprintf_packaged.c.obj)
                0x0000000000002440                cbprintf_package_convert
 .text.__printk_hook_install
                0x000000000000280c        0xc zephyr/libzephyr.a(printk.c.obj)
                0x000000000000280c                __printk_hook_install
 .text.z_thread_entry
                0x0000000000002818       0x34 zephyr/libzephyr.a(thread_entry.c.obj)
                0x0000000000002818                z_thread_entry
 .text.process_event
                0x000000000000284c      0x21c zephyr/libzephyr.a(onoff.c.obj)
 .text.activate_foreach_backend
                0x0000000000002a68       0x64 zephyr/libzephyr.a(log_core.c.obj)
 .text.enable_logger
                0x0000000000002acc       0x5c zephyr/libzephyr.a(log_core.c.obj)
 .text.log_process_thread_timer_expiry_fn
                0x0000000000002b28        0xc zephyr/libzephyr.a(log_core.c.obj)
 .text.z_log_init
                0x0000000000002b34       0x98 zephyr/libzephyr.a(log_core.c.obj)
 .text.log_format_func_t_get
                0x0000000000002bcc        0xc zephyr/libzephyr.a(log_core.c.obj)
                0x0000000000002bcc                log_format_func_t_get
 .text.log_set_timestamp_func
                0x0000000000002bd8       0x20 zephyr/libzephyr.a(log_core.c.obj)
                0x0000000000002bd8                log_set_timestamp_func
 .text.z_log_notify_backend_enabled
                0x0000000000002bf8       0x1c zephyr/libzephyr.a(log_core.c.obj)
                0x0000000000002bf8                z_log_notify_backend_enabled
 .text.z_log_dropped
                0x0000000000002c14       0x44 zephyr/libzephyr.a(log_core.c.obj)
                0x0000000000002c14                z_log_dropped
 .text.z_log_dropped_read_and_clear
                0x0000000000002c58       0x20 zephyr/libzephyr.a(log_core.c.obj)
                0x0000000000002c58                z_log_dropped_read_and_clear
 .text.dropped_notify
                0x0000000000002c78       0x30 zephyr/libzephyr.a(log_core.c.obj)
                0x0000000000002c78                dropped_notify
 .text.z_log_msg_init
                0x0000000000002ca8       0x20 zephyr/libzephyr.a(log_core.c.obj)
                0x0000000000002ca8                z_log_msg_init
 .text.log_core_init
                0x0000000000002cc8       0x50 zephyr/libzephyr.a(log_core.c.obj)
                0x0000000000002cc8                log_core_init
 .text.z_log_msg_alloc
                0x0000000000002d18       0x10 zephyr/libzephyr.a(log_core.c.obj)
                0x0000000000002d18                z_log_msg_alloc
 .text.z_log_msg_local_claim
                0x0000000000002d28        0xc zephyr/libzephyr.a(log_core.c.obj)
                0x0000000000002d28                z_log_msg_local_claim
 .text.z_log_msg_free
                0x0000000000002d34       0x10 zephyr/libzephyr.a(log_core.c.obj)
                0x0000000000002d34                z_log_msg_free
 .text.z_log_msg_pending
                0x0000000000002d44        0xc zephyr/libzephyr.a(log_core.c.obj)
                0x0000000000002d44                z_log_msg_pending
 .text.z_impl_log_process
                0x0000000000002d50       0xc0 zephyr/libzephyr.a(log_core.c.obj)
                0x0000000000002d50                z_impl_log_process
 .text.z_impl_log_panic
                0x0000000000002e10       0x44 zephyr/libzephyr.a(log_core.c.obj)
                0x0000000000002e10                z_impl_log_panic
 .text.log_process_thread_func
                0x0000000000002e54       0xa4 zephyr/libzephyr.a(log_core.c.obj)
 .text.z_log_msg_post_finalize
                0x0000000000002ef8       0x78 zephyr/libzephyr.a(log_core.c.obj)
 .text.z_log_msg_commit
                0x0000000000002f70       0x24 zephyr/libzephyr.a(log_core.c.obj)
                0x0000000000002f70                z_log_msg_commit
 .text.log_source_name_get
                0x0000000000002f94       0x1c zephyr/libzephyr.a(log_mgmt.c.obj)
                0x0000000000002f94                log_source_name_get
 .text.z_impl_z_log_msg_static_create
                0x0000000000002fb0      0x108 zephyr/libzephyr.a(log_msg.c.obj)
                0x0000000000002fb0                z_impl_z_log_msg_static_create
 .text.z_log_msg_runtime_vcreate
                0x00000000000030b8       0xa0 zephyr/libzephyr.a(log_msg.c.obj)
                0x00000000000030b8                z_log_msg_runtime_vcreate
 .text.log_msg_get_source_id
                0x0000000000003158       0x18 zephyr/libzephyr.a(log_msg.c.obj)
                0x0000000000003158                log_msg_get_source_id
 .text.print_formatted
                0x0000000000003170       0x24 zephyr/libzephyr.a(log_output.c.obj)
 .text.newline_print
                0x0000000000003194       0x1c zephyr/libzephyr.a(log_output.c.obj)
 .text.log_output_process
                0x00000000000031b0      0x2d4 zephyr/libzephyr.a(log_output.c.obj)
                0x00000000000031b0                log_output_process
 .text.log_output_dropped_process
                0x0000000000003484       0x58 zephyr/libzephyr.a(log_output.c.obj)
                0x0000000000003484                log_output_dropped_process
 .text.log_output_timestamp_freq_set
                0x00000000000034dc       0x2c zephyr/libzephyr.a(log_output.c.obj)
                0x00000000000034dc                log_output_timestamp_freq_set
 .text.char_out
                0x0000000000003508       0x24 zephyr/libzephyr.a(log_backend_uart.c.obj)
 .text.arch_bss_zero
                0x000000000000352c       0x18 zephyr/arch/common/libarch__common.a(init.c.obj)
                0x000000000000352c                arch_bss_zero
 .text.arch_data_copy
                0x0000000000003544       0x38 zephyr/arch/common/libarch__common.a(xip.c.obj)
                0x0000000000003544                arch_data_copy
 .text.z_arm_fatal_error
                0x000000000000357c       0xb8 zephyr/arch/arch/arm/core/libarch__arm__core.a(fatal.c.obj)
                0x000000000000357c                z_arm_fatal_error
 .text.z_SysNmiOnReset
                0x0000000000003634        0x8 zephyr/arch/arch/arm/core/libarch__arm__core.a(nmi_on_reset.S.obj)
                0x0000000000003634                z_SysNmiOnReset
 .text.arch_tls_stack_setup
                0x000000000000363c       0x40 zephyr/arch/arch/arm/core/libarch__arm__core.a(tls.c.obj)
                0x000000000000363c                arch_tls_stack_setup
 .text._HandlerModeExit
                0x000000000000367c       0x20 zephyr/arch/arch/arm/core/cortex_m/libarch__arm__core__cortex_m.a(exc_exit.c.obj)
                0x000000000000367c                z_arm_exc_exit
                0x000000000000367c                z_arm_int_exit
 .text.mem_manage_fault.constprop.0
                0x000000000000369c       0xd0 zephyr/arch/arch/arm/core/cortex_m/libarch__arm__core__cortex_m.a(fault.c.obj)
 .text.usage_fault.constprop.0
                0x000000000000376c       0xa8 zephyr/arch/arch/arm/core/cortex_m/libarch__arm__core__cortex_m.a(fault.c.obj)
 .text.bus_fault.constprop.0
                0x0000000000003814       0xd0 zephyr/arch/arch/arm/core/cortex_m/libarch__arm__core__cortex_m.a(fault.c.obj)
 .text.z_arm_fault
                0x00000000000038e4      0x1d0 zephyr/arch/arch/arm/core/cortex_m/libarch__arm__core__cortex_m.a(fault.c.obj)
                0x00000000000038e4                z_arm_fault
 .text.z_arm_fault_init
                0x0000000000003ab4       0x18 zephyr/arch/arch/arm/core/cortex_m/libarch__arm__core__cortex_m.a(fault.c.obj)
                0x0000000000003ab4                z_arm_fault_init
 .text.__fault  0x0000000000003acc       0x14 zephyr/arch/arch/arm/core/cortex_m/libarch__arm__core__cortex_m.a(fault_s.S.obj)
                0x0000000000003acc                z_arm_bus_fault
                0x0000000000003acc                z_arm_usage_fault
                0x0000000000003acc                z_arm_mpu_fault
                0x0000000000003acc                z_arm_exc_spurious
                0x0000000000003acc                z_arm_debug_monitor
                0x0000000000003acc                z_arm_hard_fault
 .text._reset_section
                0x0000000000003ae0       0x38 zephyr/arch/arch/arm/core/cortex_m/libarch__arm__core__cortex_m.a(reset.S.obj)
                0x0000000000003ae0                z_arm_reset
                0x0000000000003ae0                __start
 .text.z_impl_k_thread_abort
                0x0000000000003b18       0x2c zephyr/arch/arch/arm/core/cortex_m/libarch__arm__core__cortex_m.a(thread_abort.c.obj)
                0x0000000000003b18                z_impl_k_thread_abort
 .text.z_arm_pendsv
                0x0000000000003b44       0x54 zephyr/arch/arch/arm/core/cortex_m/libarch__arm__core__cortex_m.a(swap_helper.S.obj)
                0x0000000000003b44                z_arm_pendsv
 .text.z_arm_svc
                0x0000000000003b98       0x24 zephyr/arch/arch/arm/core/cortex_m/libarch__arm__core__cortex_m.a(swap_helper.S.obj)
                0x0000000000003b98                z_arm_svc
 .text.arm_irq_enable
                0x0000000000003bbc       0x1c zephyr/arch/arch/arm/core/cortex_m/libarch__arm__core__cortex_m.a(irq_manage.c.obj)
                0x0000000000003bbc                arm_irq_enable
 .text.arm_irq_disable
                0x0000000000003bd8       0x28 zephyr/arch/arch/arm/core/cortex_m/libarch__arm__core__cortex_m.a(irq_manage.c.obj)
                0x0000000000003bd8                arm_irq_disable
 .text.arm_irq_is_enabled
                0x0000000000003c00       0x1c zephyr/arch/arch/arm/core/cortex_m/libarch__arm__core__cortex_m.a(irq_manage.c.obj)
                0x0000000000003c00                arm_irq_is_enabled
 .text.arm_irq_priority_set
                0x0000000000003c1c       0x30 zephyr/arch/arch/arm/core/cortex_m/libarch__arm__core__cortex_m.a(irq_manage.c.obj)
                0x0000000000003c1c                arm_irq_priority_set
 .text.relocate_vector_table
                0x0000000000003c4c       0x1c zephyr/arch/arch/arm/core/cortex_m/libarch__arm__core__cortex_m.a(prep_c.c.obj)
                0x0000000000003c4c                relocate_vector_table
 .text.z_prep_c
                0x0000000000003c68       0x38 zephyr/arch/arch/arm/core/cortex_m/libarch__arm__core__cortex_m.a(prep_c.c.obj)
                0x0000000000003c68                z_prep_c
 .text.arch_new_thread
                0x0000000000003ca0       0x38 zephyr/arch/arch/arm/core/cortex_m/libarch__arm__core__cortex_m.a(thread.c.obj)
                0x0000000000003ca0                arch_new_thread
 .text.arch_switch_to_main_thread
                0x0000000000003cd8       0x38 zephyr/arch/arch/arm/core/cortex_m/libarch__arm__core__cortex_m.a(thread.c.obj)
                0x0000000000003cd8                arch_switch_to_main_thread
 .text.z_arm_cpu_idle_init
                0x0000000000003d10        0xc zephyr/arch/arch/arm/core/cortex_m/libarch__arm__core__cortex_m.a(cpu_idle.c.obj)
                0x0000000000003d10                z_arm_cpu_idle_init
 .text.z_arm_interrupt_init
                0x0000000000003d1c       0x18 zephyr/arch/arch/arm/core/cortex_m/libarch__arm__core__cortex_m.a(irq_init.c.obj)
                0x0000000000003d1c                z_arm_interrupt_init
 .text._isr_wrapper
                0x0000000000003d34       0x24 zephyr/arch/arch/arm/core/cortex_m/libarch__arm__core__cortex_m.a(isr_wrapper.c.obj)
                0x0000000000003d34                _isr_wrapper
 .text.cbvprintf
                0x0000000000003d58       0x38 zephyr/lib/libc/picolibc/liblib__libc__picolibc.a(cbprintf.c.obj)
                0x0000000000003d58                cbvprintf
 .text.z_impl_zephyr_fputc
                0x0000000000003d90       0x10 zephyr/lib/libc/picolibc/liblib__libc__picolibc.a(stdio.c.obj)
                0x0000000000003d90                z_impl_zephyr_fputc
 .text.__stdout_hook_install
                0x0000000000003da0       0x18 zephyr/lib/libc/picolibc/liblib__libc__picolibc.a(stdio.c.obj)
                0x0000000000003da0                __stdout_hook_install
 .text.malloc_prepare
                0x0000000000003db8       0x24 zephyr/lib/libc/common/liblib__libc__common.a(malloc.c.obj)
 .text.net_buf_destroy
                0x0000000000003ddc       0x38 zephyr/lib/net_buf/liblib__net_buf.a(buf.c.obj)
 .text.net_buf_pool_get
                0x0000000000003e14       0x10 zephyr/lib/net_buf/liblib__net_buf.a(buf.c.obj)
                0x0000000000003e14                net_buf_pool_get
 .text.net_buf_id
                0x0000000000003e24       0x20 zephyr/lib/net_buf/liblib__net_buf.a(buf.c.obj)
                0x0000000000003e24                net_buf_id
 .text.fixed_data_alloc
                0x0000000000003e44       0x24 zephyr/lib/net_buf/liblib__net_buf.a(buf.c.obj)
 .text.net_buf_alloc_len
                0x0000000000003e68       0xfc zephyr/lib/net_buf/liblib__net_buf.a(buf.c.obj)
                0x0000000000003e68                net_buf_alloc_len
 .text.net_buf_unref
                0x0000000000003f64       0x3c zephyr/lib/net_buf/liblib__net_buf.a(buf.c.obj)
                0x0000000000003f64                net_buf_unref
 .text.nordicsemi_nrf52_init
                0x0000000000003fa0       0x10 zephyr/soc/soc/nrf52833/libsoc__nordic.a(soc.c.obj)
 .text.arch_busy_wait
                0x0000000000003fb0       0x14 zephyr/soc/soc/nrf52833/libsoc__nordic.a(soc.c.obj)
                0x0000000000003fb0                arch_busy_wait
 .text.z_impl_sys_rand_get
                0x0000000000003fc4       0x40 zephyr/subsys/random/libsubsys__random.a(random_entropy_device.c.obj)
                0x0000000000003fc4                z_impl_sys_rand_get
 .text.bt_hex   0x0000000000004004       0x44 zephyr/subsys/bluetooth/common/libsubsys__bluetooth__common.a(bt_str.c.obj)
                0x0000000000004004                bt_hex
 .text.bt_addr_le_str
                0x0000000000004048       0x7c zephyr/subsys/bluetooth/common/libsubsys__bluetooth__common.a(bt_str.c.obj)
                0x0000000000004048                bt_addr_le_str
 .text.uuid_to_uuid128
                0x00000000000040c4       0x78 zephyr/subsys/bluetooth/host/libsubsys__bluetooth__host.a(uuid.c.obj)
 .text.hci_rx_pool_destroy
                0x000000000000413c       0x20 zephyr/subsys/bluetooth/host/libsubsys__bluetooth__host.a(buf.c.obj)
 .text.bt_buf_get_rx
                0x000000000000415c       0x30 zephyr/subsys/bluetooth/host/libsubsys__bluetooth__host.a(buf.c.obj)
                0x000000000000415c                bt_buf_get_rx
 .text.bt_buf_get_evt
                0x000000000000418c       0x3c zephyr/subsys/bluetooth/host/libsubsys__bluetooth__host.a(buf.c.obj)
                0x000000000000418c                bt_buf_get_evt
 .text.hci_data_buf_overflow
                0x00000000000041c8       0x18 zephyr/subsys/bluetooth/host/libsubsys__bluetooth__host.a(hci_core.c.obj)
 .text.hci_disconn_complete_prio
                0x00000000000041e0       0x4c zephyr/subsys/bluetooth/host/libsubsys__bluetooth__host.a(hci_core.c.obj)
 .text.hci_disconn_complete
                0x000000000000422c       0x44 zephyr/subsys/bluetooth/host/libsubsys__bluetooth__host.a(hci_core.c.obj)
 .text.le_phy_update_complete
                0x0000000000004270       0x34 zephyr/subsys/bluetooth/host/libsubsys__bluetooth__host.a(hci_core.c.obj)
 .text.hci_hardware_error
                0x00000000000042a4       0x24 zephyr/subsys/bluetooth/host/libsubsys__bluetooth__host.a(hci_core.c.obj)
 .text.rx_queue_put
                0x00000000000042c8       0x3c zephyr/subsys/bluetooth/host/libsubsys__bluetooth__host.a(hci_core.c.obj)
 .text.find_pending_connect.part.0
                0x0000000000004304       0x2c zephyr/subsys/bluetooth/host/libsubsys__bluetooth__host.a(hci_core.c.obj)
 .text.le_conn_param_neg_reply.part.0
                0x0000000000004330       0x14 zephyr/subsys/bluetooth/host/libsubsys__bluetooth__host.a(hci_core.c.obj)
 .text.handle_event.part.0
                0x0000000000004344       0x48 zephyr/subsys/bluetooth/host/libsubsys__bluetooth__host.a(hci_core.c.obj)
 .text.le_remote_feat_complete
                0x000000000000438c       0x54 zephyr/subsys/bluetooth/host/libsubsys__bluetooth__host.a(hci_core.c.obj)
 .text.enh_conn_complete_error_handle
                0x00000000000043e0       0x80 zephyr/subsys/bluetooth/host/libsubsys__bluetooth__host.a(hci_core.c.obj)
 .text.hci_cmd_done.part.0
                0x0000000000004460      0x138 zephyr/subsys/bluetooth/host/libsubsys__bluetooth__host.a(hci_core.c.obj)
 .text.handle_event_common
                0x0000000000004598       0x50 zephyr/subsys/bluetooth/host/libsubsys__bluetooth__host.a(hci_core.c.obj)
 .text.bt_hci_recv
                0x00000000000045e8      0x12c zephyr/subsys/bluetooth/host/libsubsys__bluetooth__host.a(hci_core.c.obj)
                0x00000000000045e8                bt_hci_recv
 .text.hci_le_meta_prio_event
                0x0000000000004714       0x20 zephyr/subsys/bluetooth/host/libsubsys__bluetooth__host.a(hci_core.c.obj)
 .text.rx_work_handler
                0x0000000000004734      0x134 zephyr/subsys/bluetooth/host/libsubsys__bluetooth__host.a(hci_core.c.obj)
 .text.hci_le_meta_event
                0x0000000000004868       0x20 zephyr/subsys/bluetooth/host/libsubsys__bluetooth__host.a(hci_core.c.obj)
 .text.hci_vendor_event
                0x0000000000004888       0x68 zephyr/subsys/bluetooth/host/libsubsys__bluetooth__host.a(hci_core.c.obj)
 .text.hci_num_completed_packets
                0x00000000000048f0       0xfc zephyr/subsys/bluetooth/host/libsubsys__bluetooth__host.a(hci_core.c.obj)
 .text.le_conn_update_complete
                0x00000000000049ec      0x120 zephyr/subsys/bluetooth/host/libsubsys__bluetooth__host.a(hci_core.c.obj)
 .text.hci_reset_complete
                0x0000000000004b0c       0x2c zephyr/subsys/bluetooth/host/libsubsys__bluetooth__host.a(hci_core.c.obj)
 .text.bt_hci_cmd_state_set_init
                0x0000000000004b38       0x24 zephyr/subsys/bluetooth/host/libsubsys__bluetooth__host.a(hci_core.c.obj)
                0x0000000000004b38                bt_hci_cmd_state_set_init
 .text.bt_hci_cmd_alloc
                0x0000000000004b5c       0x50 zephyr/subsys/bluetooth/host/libsubsys__bluetooth__host.a(hci_core.c.obj)
                0x0000000000004b5c                bt_hci_cmd_alloc
 .text.bt_hci_get_ver_str
                0x0000000000004bac       0x3c zephyr/subsys/bluetooth/host/libsubsys__bluetooth__host.a(hci_core.c.obj)
                0x0000000000004bac                bt_hci_get_ver_str
 .text.bt_send  0x0000000000004be8       0x14 zephyr/subsys/bluetooth/host/libsubsys__bluetooth__host.a(hci_core.c.obj)
                0x0000000000004be8                bt_send
 .text.bt_finalize_init
                0x0000000000004bfc      0x164 zephyr/subsys/bluetooth/host/libsubsys__bluetooth__host.a(hci_core.c.obj)
                0x0000000000004bfc                bt_finalize_init
 .text.bt_get_name
                0x0000000000004d60        0x8 zephyr/subsys/bluetooth/host/libsubsys__bluetooth__host.a(hci_core.c.obj)
                0x0000000000004d60                bt_get_name
 .text.bt_tx_irq_raise
                0x0000000000004d68        0xc zephyr/subsys/bluetooth/host/libsubsys__bluetooth__host.a(hci_core.c.obj)
                0x0000000000004d68                bt_tx_irq_raise
 .text.bt_hci_cmd_send
                0x0000000000004d74       0x9c zephyr/subsys/bluetooth/host/libsubsys__bluetooth__host.a(hci_core.c.obj)
                0x0000000000004d74                bt_hci_cmd_send
 .text.le_conn_param_req
                0x0000000000004e10       0xc4 zephyr/subsys/bluetooth/host/libsubsys__bluetooth__host.a(hci_core.c.obj)
 .text.process_pending_cmd
                0x0000000000004ed4       0xd8 zephyr/subsys/bluetooth/host/libsubsys__bluetooth__host.a(hci_core.c.obj)
 .text.bt_hci_cmd_send_sync
                0x0000000000004fac      0x1bc zephyr/subsys/bluetooth/host/libsubsys__bluetooth__host.a(hci_core.c.obj)
                0x0000000000004fac                bt_hci_cmd_send_sync
 .text.bt_init  0x0000000000005168      0x458 zephyr/subsys/bluetooth/host/libsubsys__bluetooth__host.a(hci_core.c.obj)
 .text.init_work
                0x00000000000055c0       0x18 zephyr/subsys/bluetooth/host/libsubsys__bluetooth__host.a(hci_core.c.obj)
 .text.bt_enable
                0x00000000000055d8       0xd0 zephyr/subsys/bluetooth/host/libsubsys__bluetooth__host.a(hci_core.c.obj)
                0x00000000000055d8                bt_enable
 .text.bt_hci_le_enh_conn_complete
                0x00000000000056a8      0x190 zephyr/subsys/bluetooth/host/libsubsys__bluetooth__host.a(hci_core.c.obj)
                0x00000000000056a8                bt_hci_le_enh_conn_complete
 .text.le_legacy_conn_complete
                0x0000000000005838       0x7c zephyr/subsys/bluetooth/host/libsubsys__bluetooth__host.a(hci_core.c.obj)
 .text.hci_cmd_status
                0x00000000000058b4       0x34 zephyr/subsys/bluetooth/host/libsubsys__bluetooth__host.a(hci_core.c.obj)
 .text.hci_cmd_complete
                0x00000000000058e8       0x78 zephyr/subsys/bluetooth/host/libsubsys__bluetooth__host.a(hci_core.c.obj)
 .text.bt_hci_evt_create
                0x0000000000005960       0x50 zephyr/subsys/bluetooth/host/libsubsys__bluetooth__host.a(hci_common.c.obj)
                0x0000000000005960                bt_hci_evt_create
 .text.id_find  0x00000000000059b0       0x30 zephyr/subsys/bluetooth/host/libsubsys__bluetooth__host.a(id.c.obj)
 .text.set_random_address
                0x00000000000059e0       0x78 zephyr/subsys/bluetooth/host/libsubsys__bluetooth__host.a(id.c.obj)
 .text.id_create.constprop.0
                0x0000000000005a58       0x74 zephyr/subsys/bluetooth/host/libsubsys__bluetooth__host.a(id.c.obj)
 .text.bt_id_create
                0x0000000000005acc       0x9c zephyr/subsys/bluetooth/host/libsubsys__bluetooth__host.a(id.c.obj)
                0x0000000000005acc                bt_id_create
 .text.bt_id_read_public_addr
                0x0000000000005b68       0x88 zephyr/subsys/bluetooth/host/libsubsys__bluetooth__host.a(id.c.obj)
                0x0000000000005b68                bt_id_read_public_addr
 .text.bt_setup_public_id_addr
                0x0000000000005bf0       0x20 zephyr/subsys/bluetooth/host/libsubsys__bluetooth__host.a(id.c.obj)
                0x0000000000005bf0                bt_setup_public_id_addr
 .text.bt_setup_random_id_addr
                0x0000000000005c10       0xd8 zephyr/subsys/bluetooth/host/libsubsys__bluetooth__host.a(id.c.obj)
                0x0000000000005c10                bt_setup_random_id_addr
 .text.bt_id_set_adv_own_addr
                0x0000000000005ce8       0xe0 zephyr/subsys/bluetooth/host/libsubsys__bluetooth__host.a(id.c.obj)
                0x0000000000005ce8                bt_id_set_adv_own_addr
 .text.bt_id_init
                0x0000000000005dc8       0x54 zephyr/subsys/bluetooth/host/libsubsys__bluetooth__host.a(id.c.obj)
                0x0000000000005dc8                bt_id_init
 .text.hci_set_ad.constprop.0
                0x0000000000005e1c       0xc8 zephyr/subsys/bluetooth/host/libsubsys__bluetooth__host.a(adv.c.obj)
 .text.valid_adv_param
                0x0000000000005ee4       0x84 zephyr/subsys/bluetooth/host/libsubsys__bluetooth__host.a(adv.c.obj)
 .text.le_adv_update.constprop.0
                0x0000000000005f68       0x48 zephyr/subsys/bluetooth/host/libsubsys__bluetooth__host.a(adv.c.obj)
 .text.adv_is_directed
                0x0000000000005fb0       0x18 zephyr/subsys/bluetooth/host/libsubsys__bluetooth__host.a(adv.c.obj)
 .text.le_adv_start_add_conn
                0x0000000000005fc8       0x60 zephyr/subsys/bluetooth/host/libsubsys__bluetooth__host.a(adv.c.obj)
 .text.bt_le_adv_lookup_legacy
                0x0000000000006028        0x8 zephyr/subsys/bluetooth/host/libsubsys__bluetooth__host.a(adv.c.obj)
                0x0000000000006028                bt_le_adv_lookup_legacy
 .text.bt_le_adv_start
                0x0000000000006030      0x288 zephyr/subsys/bluetooth/host/libsubsys__bluetooth__host.a(adv.c.obj)
                0x0000000000006030                bt_le_adv_start
 .text.bt_le_adv_stop
                0x00000000000062b8       0x78 zephyr/subsys/bluetooth/host/libsubsys__bluetooth__host.a(adv.c.obj)
                0x00000000000062b8                bt_le_adv_stop
 .text.adv_timeout
                0x0000000000006330       0x24 zephyr/subsys/bluetooth/host/libsubsys__bluetooth__host.a(adv.c.obj)
 .text.bt_le_adv_resume
                0x0000000000006354       0xf8 zephyr/subsys/bluetooth/host/libsubsys__bluetooth__host.a(adv.c.obj)
                0x0000000000006354                bt_le_adv_resume
 .text.notify_connected
                0x000000000000644c       0x40 zephyr/subsys/bluetooth/host/libsubsys__bluetooth__host.a(conn.c.obj)
 .text.frag_destroy
                0x000000000000648c       0x20 zephyr/subsys/bluetooth/host/libsubsys__bluetooth__host.a(conn.c.obj)
 .text.conn_tx_destroy
                0x00000000000064ac       0x2c zephyr/subsys/bluetooth/host/libsubsys__bluetooth__host.a(conn.c.obj)
 .text.recycled_work_handler
                0x00000000000064d8       0x54 zephyr/subsys/bluetooth/host/libsubsys__bluetooth__host.a(conn.c.obj)
 .text.tx_notify_process
                0x000000000000652c       0x60 zephyr/subsys/bluetooth/host/libsubsys__bluetooth__host.a(conn.c.obj)
 .text.perform_auto_initiated_procedures.part.0
                0x000000000000658c       0x84 zephyr/subsys/bluetooth/host/libsubsys__bluetooth__host.a(conn.c.obj)
 .text.bt_conn_get_pkts
                0x0000000000006610       0x18 zephyr/subsys/bluetooth/host/libsubsys__bluetooth__host.a(conn.c.obj)
                0x0000000000006610                bt_conn_get_pkts
 .text.bt_conn_tx_notify
                0x0000000000006628       0x44 zephyr/subsys/bluetooth/host/libsubsys__bluetooth__host.a(conn.c.obj)
                0x0000000000006628                bt_conn_tx_notify
 .text.bt_conn_new
                0x000000000000666c       0x64 zephyr/subsys/bluetooth/host/libsubsys__bluetooth__host.a(conn.c.obj)
                0x000000000000666c                bt_conn_new
 .text.bt_conn_recv
                0x00000000000066d0       0xfc zephyr/subsys/bluetooth/host/libsubsys__bluetooth__host.a(conn.c.obj)
                0x00000000000066d0                bt_conn_recv
 .text.bt_conn_unref
                0x00000000000067cc       0x54 zephyr/subsys/bluetooth/host/libsubsys__bluetooth__host.a(conn.c.obj)
                0x00000000000067cc                bt_conn_unref
 .text.bt_conn_data_ready
                0x0000000000006820       0x54 zephyr/subsys/bluetooth/host/libsubsys__bluetooth__host.a(conn.c.obj)
                0x0000000000006820                bt_conn_data_ready
 .text.bt_conn_set_state
                0x0000000000006874      0x1c0 zephyr/subsys/bluetooth/host/libsubsys__bluetooth__host.a(conn.c.obj)
                0x0000000000006874                bt_conn_set_state
 .text.bt_conn_foreach
                0x0000000000006a34       0x30 zephyr/subsys/bluetooth/host/libsubsys__bluetooth__host.a(conn.c.obj)
                0x0000000000006a34                bt_conn_foreach
 .text.auto_initiated_procedures
                0x0000000000006a64       0x10 zephyr/subsys/bluetooth/host/libsubsys__bluetooth__host.a(conn.c.obj)
 .text.bt_conn_lookup_handle
                0x0000000000006a74       0x4c zephyr/subsys/bluetooth/host/libsubsys__bluetooth__host.a(conn.c.obj)
                0x0000000000006a74                bt_conn_lookup_handle
 .text.bt_conn_index
                0x0000000000006ac0       0x18 zephyr/subsys/bluetooth/host/libsubsys__bluetooth__host.a(conn.c.obj)
                0x0000000000006ac0                bt_conn_index
 .text.bt_conn_create_pdu_timeout
                0x0000000000006ad8       0x5c zephyr/subsys/bluetooth/host/libsubsys__bluetooth__host.a(conn.c.obj)
                0x0000000000006ad8                bt_conn_create_pdu_timeout
 .text.bt_conn_connected
                0x0000000000006b34       0x20 zephyr/subsys/bluetooth/host/libsubsys__bluetooth__host.a(conn.c.obj)
                0x0000000000006b34                bt_conn_connected
 .text.bt_conn_tx_processor
                0x0000000000006b54      0x348 zephyr/subsys/bluetooth/host/libsubsys__bluetooth__host.a(conn.c.obj)
                0x0000000000006b54                bt_conn_tx_processor
 .text.bt_conn_notify_le_param_updated
                0x0000000000006e9c       0x94 zephyr/subsys/bluetooth/host/libsubsys__bluetooth__host.a(conn.c.obj)
                0x0000000000006e9c                bt_conn_notify_le_param_updated
 .text.bt_conn_le_param_req
                0x0000000000006f30       0x78 zephyr/subsys/bluetooth/host/libsubsys__bluetooth__host.a(conn.c.obj)
                0x0000000000006f30                bt_conn_le_param_req
 .text.bt_conn_add_le
                0x0000000000006fa8       0x54 zephyr/subsys/bluetooth/host/libsubsys__bluetooth__host.a(conn.c.obj)
                0x0000000000006fa8                bt_conn_add_le
 .text.bt_conn_lookup_addr_le
                0x0000000000006ffc       0x34 zephyr/subsys/bluetooth/host/libsubsys__bluetooth__host.a(conn.c.obj)
                0x0000000000006ffc                bt_conn_lookup_addr_le
 .text.bt_conn_exists_le
                0x0000000000007030       0x70 zephyr/subsys/bluetooth/host/libsubsys__bluetooth__host.a(conn.c.obj)
                0x0000000000007030                bt_conn_exists_le
 .text.bt_conn_lookup_state_le
                0x00000000000070a0       0x44 zephyr/subsys/bluetooth/host/libsubsys__bluetooth__host.a(conn.c.obj)
                0x00000000000070a0                bt_conn_lookup_state_le
 .text.send_conn_le_param_update
                0x00000000000070e4       0x68 zephyr/subsys/bluetooth/host/libsubsys__bluetooth__host.a(conn.c.obj)
 .text.deferred_work
                0x000000000000714c      0x11c zephyr/subsys/bluetooth/host/libsubsys__bluetooth__host.a(conn.c.obj)
 .text.bt_conn_init
                0x0000000000007268       0x44 zephyr/subsys/bluetooth/host/libsubsys__bluetooth__host.a(conn.c.obj)
                0x0000000000007268                bt_conn_init
 .text.l2cap_create_le_sig_pdu.part.0
                0x00000000000072ac       0x1c zephyr/subsys/bluetooth/host/libsubsys__bluetooth__host.a(l2cap.c.obj)
 .text.l2cap_accept.part.0
                0x00000000000072c8       0x30 zephyr/subsys/bluetooth/host/libsubsys__bluetooth__host.a(l2cap.c.obj)
 .text.l2cap_accept
                0x00000000000072f8       0x1c zephyr/subsys/bluetooth/host/libsubsys__bluetooth__host.a(l2cap.c.obj)
 .text.bt_l2cap_connected
                0x0000000000007314       0xa8 zephyr/subsys/bluetooth/host/libsubsys__bluetooth__host.a(l2cap.c.obj)
                0x0000000000007314                bt_l2cap_connected
 .text.bt_l2cap_create_pdu_timeout
                0x00000000000073bc       0x34 zephyr/subsys/bluetooth/host/libsubsys__bluetooth__host.a(l2cap.c.obj)
                0x00000000000073bc                bt_l2cap_create_pdu_timeout
 .text.bt_l2cap_send_pdu
                0x00000000000073f0       0x50 zephyr/subsys/bluetooth/host/libsubsys__bluetooth__host.a(l2cap.c.obj)
                0x00000000000073f0                bt_l2cap_send_pdu
 .text.l2cap_data_pull
                0x0000000000007440      0x10c zephyr/subsys/bluetooth/host/libsubsys__bluetooth__host.a(l2cap.c.obj)
                0x0000000000007440                l2cap_data_pull
 .text.l2cap_recv.part.0
                0x000000000000754c       0xa4 zephyr/subsys/bluetooth/host/libsubsys__bluetooth__host.a(l2cap.c.obj)
 .text.l2cap_recv
                0x00000000000075f0       0x24 zephyr/subsys/bluetooth/host/libsubsys__bluetooth__host.a(l2cap.c.obj)
 .text.bt_l2cap_recv
                0x0000000000007614       0x58 zephyr/subsys/bluetooth/host/libsubsys__bluetooth__host.a(l2cap.c.obj)
                0x0000000000007614                bt_l2cap_recv
 .text.bt_l2cap_update_conn_param
                0x000000000000766c       0x50 zephyr/subsys/bluetooth/host/libsubsys__bluetooth__host.a(l2cap.c.obj)
                0x000000000000766c                bt_l2cap_update_conn_param
 .text.att_op_get_type
                0x00000000000076bc       0x74 zephyr/subsys/bluetooth/host/libsubsys__bluetooth__host.a(att.c.obj)
 .text.chan_send
                0x0000000000007730       0xe0 zephyr/subsys/bluetooth/host/libsubsys__bluetooth__host.a(att.c.obj)
 .text.bt_att_released
                0x0000000000007810        0xc zephyr/subsys/bluetooth/host/libsubsys__bluetooth__host.a(att.c.obj)
 .text.send_err_rsp.part.0
                0x000000000000781c       0x14 zephyr/subsys/bluetooth/host/libsubsys__bluetooth__host.a(att.c.obj)
 .text.bt_addr_le_to_str.constprop.0.isra.0
                0x0000000000007830       0x78 zephyr/subsys/bluetooth/host/libsubsys__bluetooth__host.a(att.c.obj)
 .text.read_group_cb
                0x00000000000078a8       0xb8 zephyr/subsys/bluetooth/host/libsubsys__bluetooth__host.a(att.c.obj)
 .text.bt_att_connected
                0x0000000000007960       0x40 zephyr/subsys/bluetooth/host/libsubsys__bluetooth__host.a(att.c.obj)
 .text.bt_att_chan_create_pdu
                0x00000000000079a0       0xac zephyr/subsys/bluetooth/host/libsubsys__bluetooth__host.a(att.c.obj)
 .text.att_indicate
                0x0000000000007a4c       0x48 zephyr/subsys/bluetooth/host/libsubsys__bluetooth__host.a(att.c.obj)
 .text.att_write_rsp.constprop.0
                0x0000000000007a94       0xcc zephyr/subsys/bluetooth/host/libsubsys__bluetooth__host.a(att.c.obj)
 .text.read_type_cb
                0x0000000000007b60       0xac zephyr/subsys/bluetooth/host/libsubsys__bluetooth__host.a(att.c.obj)
 .text.bt_att_recv
                0x0000000000007c0c       0xc4 zephyr/subsys/bluetooth/host/libsubsys__bluetooth__host.a(att.c.obj)
 .text.find_type_cb
                0x0000000000007cd0      0x164 zephyr/subsys/bluetooth/host/libsubsys__bluetooth__host.a(att.c.obj)
 .text.att_create_rsp_pdu
                0x0000000000007e34       0x60 zephyr/subsys/bluetooth/host/libsubsys__bluetooth__host.a(att.c.obj)
 .text.att_read_group_req
                0x0000000000007e94       0xf0 zephyr/subsys/bluetooth/host/libsubsys__bluetooth__host.a(att.c.obj)
 .text.att_read_mult_vl_req
                0x0000000000007f84       0x9c zephyr/subsys/bluetooth/host/libsubsys__bluetooth__host.a(att.c.obj)
 .text.att_read_mult_req
                0x0000000000008020       0x9c zephyr/subsys/bluetooth/host/libsubsys__bluetooth__host.a(att.c.obj)
 .text.att_read_rsp
                0x00000000000080bc       0x90 zephyr/subsys/bluetooth/host/libsubsys__bluetooth__host.a(att.c.obj)
 .text.att_read_type_req
                0x000000000000814c      0x114 zephyr/subsys/bluetooth/host/libsubsys__bluetooth__host.a(att.c.obj)
 .text.att_find_type_req
                0x0000000000008260       0xc0 zephyr/subsys/bluetooth/host/libsubsys__bluetooth__host.a(att.c.obj)
 .text.att_find_info_req
                0x0000000000008320       0x6c zephyr/subsys/bluetooth/host/libsubsys__bluetooth__host.a(att.c.obj)
 .text.bt_att_accept
                0x000000000000838c      0x128 zephyr/subsys/bluetooth/host/libsubsys__bluetooth__host.a(att.c.obj)
 .text.att_get  0x00000000000084b4       0x4c zephyr/subsys/bluetooth/host/libsubsys__bluetooth__host.a(att.c.obj)
 .text.att_tx_destroy
                0x0000000000008500      0x110 zephyr/subsys/bluetooth/host/libsubsys__bluetooth__host.a(att.c.obj)
 .text.bt_att_create_pdu
                0x0000000000008610       0x64 zephyr/subsys/bluetooth/host/libsubsys__bluetooth__host.a(att.c.obj)
                0x0000000000008610                bt_att_create_pdu
 .text.bt_att_req_alloc
                0x0000000000008674       0x5c zephyr/subsys/bluetooth/host/libsubsys__bluetooth__host.a(att.c.obj)
                0x0000000000008674                bt_att_req_alloc
 .text.bt_att_req_free
                0x00000000000086d0       0x20 zephyr/subsys/bluetooth/host/libsubsys__bluetooth__host.a(att.c.obj)
                0x00000000000086d0                bt_att_req_free
 .text.att_handle_rsp
                0x00000000000086f0       0x84 zephyr/subsys/bluetooth/host/libsubsys__bluetooth__host.a(att.c.obj)
 .text.att_error_rsp
                0x0000000000008774       0x24 zephyr/subsys/bluetooth/host/libsubsys__bluetooth__host.a(att.c.obj)
 .text.bt_att_disconnected
                0x0000000000008798       0xc8 zephyr/subsys/bluetooth/host/libsubsys__bluetooth__host.a(att.c.obj)
 .text.att_disconnect
                0x0000000000008860       0x40 zephyr/subsys/bluetooth/host/libsubsys__bluetooth__host.a(att.c.obj)
 .text.att_timeout
                0x00000000000088a0       0x58 zephyr/subsys/bluetooth/host/libsubsys__bluetooth__host.a(att.c.obj)
 .text.bt_att_req_cancel
                0x00000000000088f8       0x58 zephyr/subsys/bluetooth/host/libsubsys__bluetooth__host.a(att.c.obj)
                0x00000000000088f8                bt_att_req_cancel
 .text.bt_att_set_tx_meta_data
                0x0000000000008950       0x24 zephyr/subsys/bluetooth/host/libsubsys__bluetooth__host.a(att.c.obj)
                0x0000000000008950                bt_att_set_tx_meta_data
 .text.find_sc_cfg
                0x0000000000008974       0x24 zephyr/subsys/bluetooth/host/libsubsys__bluetooth__host.a(gatt.c.obj)
 .text.gatt_sub_remove
                0x0000000000008998       0x48 zephyr/subsys/bluetooth/host/libsubsys__bluetooth__host.a(gatt.c.obj)
 .text.find_ccc_cfg
                0x00000000000089e0       0x28 zephyr/subsys/bluetooth/host/libsubsys__bluetooth__host.a(gatt.c.obj)
 .text.gatt_sub_find
                0x0000000000008a08       0x30 zephyr/subsys/bluetooth/host/libsubsys__bluetooth__host.a(gatt.c.obj)
 .text.bt_gatt_attr_write_ccc
                0x0000000000008a38       0xbc zephyr/subsys/bluetooth/host/libsubsys__bluetooth__host.a(gatt.c.obj)
                0x0000000000008a38                bt_gatt_attr_write_ccc
 .text.read_ppcp
                0x0000000000008af4       0x28 zephyr/subsys/bluetooth/host/libsubsys__bluetooth__host.a(gatt.c.obj)
 .text.sc_save  0x0000000000008b1c       0x60 zephyr/subsys/bluetooth/host/libsubsys__bluetooth__host.a(gatt.c.obj)
 .text.gatt_write_ccc
                0x0000000000008b7c       0x30 zephyr/subsys/bluetooth/host/libsubsys__bluetooth__host.a(gatt.c.obj)
 .text.disconnected_cb
                0x0000000000008bac       0xa0 zephyr/subsys/bluetooth/host/libsubsys__bluetooth__host.a(gatt.c.obj)
 .text.sc_indicate_rsp
                0x0000000000008c4c       0x38 zephyr/subsys/bluetooth/host/libsubsys__bluetooth__host.a(gatt.c.obj)
 .text.bt_gatt_init
                0x0000000000008c84       0x5c zephyr/subsys/bluetooth/host/libsubsys__bluetooth__host.a(gatt.c.obj)
                0x0000000000008c84                bt_gatt_init
 .text.bt_gatt_attr_get_handle
                0x0000000000008ce0       0x60 zephyr/subsys/bluetooth/host/libsubsys__bluetooth__host.a(gatt.c.obj)
                0x0000000000008ce0                bt_gatt_attr_get_handle
 .text.bt_gatt_foreach_attr_type
                0x0000000000008d40       0xb4 zephyr/subsys/bluetooth/host/libsubsys__bluetooth__host.a(gatt.c.obj)
                0x0000000000008d40                bt_gatt_foreach_attr_type
 .text.bt_gatt_attr_next
                0x0000000000008df4       0x24 zephyr/subsys/bluetooth/host/libsubsys__bluetooth__host.a(gatt.c.obj)
                0x0000000000008df4                bt_gatt_attr_next
 .text.bt_gatt_is_subscribed
                0x0000000000008e18      0x17c zephyr/subsys/bluetooth/host/libsubsys__bluetooth__host.a(gatt.c.obj)
                0x0000000000008e18                bt_gatt_is_subscribed
 .text.gatt_indicate
                0x0000000000008f94       0xa0 zephyr/subsys/bluetooth/host/libsubsys__bluetooth__host.a(gatt.c.obj)
 .text.bt_gatt_indicate
                0x0000000000009034       0xf4 zephyr/subsys/bluetooth/host/libsubsys__bluetooth__host.a(gatt.c.obj)
                0x0000000000009034                bt_gatt_indicate
 .text.sc_process
                0x0000000000009128       0x68 zephyr/subsys/bluetooth/host/libsubsys__bluetooth__host.a(gatt.c.obj)
 .text.update_ccc
                0x0000000000009190       0xf4 zephyr/subsys/bluetooth/host/libsubsys__bluetooth__host.a(gatt.c.obj)
 .text.bt_gatt_notify_cb
                0x0000000000009284       0xec zephyr/subsys/bluetooth/host/libsubsys__bluetooth__host.a(gatt.c.obj)
                0x0000000000009284                bt_gatt_notify_cb
 .text.notify_cb
                0x0000000000009370      0x100 zephyr/subsys/bluetooth/host/libsubsys__bluetooth__host.a(gatt.c.obj)
 .text.bt_gatt_read
                0x0000000000009470       0x8c zephyr/subsys/bluetooth/host/libsubsys__bluetooth__host.a(gatt.c.obj)
                0x0000000000009470                bt_gatt_read
 .text.gatt_read_rsp
                0x00000000000094fc      0x160 zephyr/subsys/bluetooth/host/libsubsys__bluetooth__host.a(gatt.c.obj)
 .text.bt_gatt_unsubscribe
                0x000000000000965c       0xe0 zephyr/subsys/bluetooth/host/libsubsys__bluetooth__host.a(gatt.c.obj)
                0x000000000000965c                bt_gatt_unsubscribe
 .text.call_notify_cb_and_maybe_unsubscribe
                0x000000000000973c       0x70 zephyr/subsys/bluetooth/host/libsubsys__bluetooth__host.a(gatt.c.obj)
 .text.bt_gatt_mult_notification
                0x00000000000097ac       0x68 zephyr/subsys/bluetooth/host/libsubsys__bluetooth__host.a(gatt.c.obj)
                0x00000000000097ac                bt_gatt_mult_notification
 .text.bt_gatt_connected
                0x0000000000009814       0x20 zephyr/subsys/bluetooth/host/libsubsys__bluetooth__host.a(gatt.c.obj)
                0x0000000000009814                bt_gatt_connected
 .text.bt_gatt_att_max_mtu_changed
                0x0000000000009834       0x28 zephyr/subsys/bluetooth/host/libsubsys__bluetooth__host.a(gatt.c.obj)
                0x0000000000009834                bt_gatt_att_max_mtu_changed
 .text.bt_gatt_disconnected
                0x000000000000985c       0xa8 zephyr/subsys/bluetooth/host/libsubsys__bluetooth__host.a(gatt.c.obj)
                0x000000000000985c                bt_gatt_disconnected
 .text.bt_gatt_req_set_mtu
                0x0000000000009904       0x14 zephyr/subsys/bluetooth/host/libsubsys__bluetooth__host.a(gatt.c.obj)
                0x0000000000009904                bt_gatt_req_set_mtu
 .text.bt_smp_accept.part.0
                0x0000000000009918       0x30 zephyr/subsys/bluetooth/host/libsubsys__bluetooth__host.a(smp_null.c.obj)
 .text.bt_smp_accept
                0x0000000000009948       0x1c zephyr/subsys/bluetooth/host/libsubsys__bluetooth__host.a(smp_null.c.obj)
 .text.mem_init
                0x0000000000009964       0x48 zephyr/subsys/bluetooth/controller/libsubsys__bluetooth__controller.a(mem.c.obj)
                0x0000000000009964                mem_init
 .text.mem_acquire
                0x00000000000099ac       0x2c zephyr/subsys/bluetooth/controller/libsubsys__bluetooth__controller.a(mem.c.obj)
                0x00000000000099ac                mem_acquire
 .text.mem_release
                0x00000000000099d8       0x28 zephyr/subsys/bluetooth/controller/libsubsys__bluetooth__controller.a(mem.c.obj)
                0x00000000000099d8                mem_release
 .text.mem_get  0x0000000000009a00        0x8 zephyr/subsys/bluetooth/controller/libsubsys__bluetooth__controller.a(mem.c.obj)
                0x0000000000009a00                mem_get
 .text.mem_index_get
                0x0000000000009a08        0xc zephyr/subsys/bluetooth/controller/libsubsys__bluetooth__controller.a(mem.c.obj)
                0x0000000000009a08                mem_index_get
 .text.mem_rcopy
                0x0000000000009a14       0x1c zephyr/subsys/bluetooth/controller/libsubsys__bluetooth__controller.a(mem.c.obj)
                0x0000000000009a14                mem_rcopy
 .text.mem_nz   0x0000000000009a30       0x18 zephyr/subsys/bluetooth/controller/libsubsys__bluetooth__controller.a(mem.c.obj)
                0x0000000000009a30                mem_nz
 .text.memq_init
                0x0000000000009a48        0x8 zephyr/subsys/bluetooth/controller/libsubsys__bluetooth__controller.a(memq.c.obj)
                0x0000000000009a48                memq_init
 .text.memq_deinit
                0x0000000000009a50       0x14 zephyr/subsys/bluetooth/controller/libsubsys__bluetooth__controller.a(memq.c.obj)
                0x0000000000009a50                memq_deinit
 .text.memq_enqueue
                0x0000000000009a64       0x14 zephyr/subsys/bluetooth/controller/libsubsys__bluetooth__controller.a(memq.c.obj)
                0x0000000000009a64                memq_enqueue
 .text.memq_peek
                0x0000000000009a78       0x10 zephyr/subsys/bluetooth/controller/libsubsys__bluetooth__controller.a(memq.c.obj)
                0x0000000000009a78                memq_peek
 .text.memq_dequeue
                0x0000000000009a88       0x20 zephyr/subsys/bluetooth/controller/libsubsys__bluetooth__controller.a(memq.c.obj)
                0x0000000000009a88                memq_dequeue
 .text.mayfly_init
                0x0000000000009aa8       0x40 zephyr/subsys/bluetooth/controller/libsubsys__bluetooth__controller.a(mayfly.c.obj)
                0x0000000000009aa8                mayfly_init
 .text.mayfly_enable
                0x0000000000009ae8       0x68 zephyr/subsys/bluetooth/controller/libsubsys__bluetooth__controller.a(mayfly.c.obj)
                0x0000000000009ae8                mayfly_enable
 .text.mayfly_enqueue
                0x0000000000009b50       0xbc zephyr/subsys/bluetooth/controller/libsubsys__bluetooth__controller.a(mayfly.c.obj)
                0x0000000000009b50                mayfly_enqueue
 .text.mayfly_run
                0x0000000000009c0c      0x174 zephyr/subsys/bluetooth/controller/libsubsys__bluetooth__controller.a(mayfly.c.obj)
                0x0000000000009c0c                mayfly_run
 .text.util_ones_count_get
                0x0000000000009d80       0x28 zephyr/subsys/bluetooth/controller/libsubsys__bluetooth__controller.a(util.c.obj)
                0x0000000000009d80                util_ones_count_get
 .text.ticker_dequeue
                0x0000000000009da8       0x74 zephyr/subsys/bluetooth/controller/libsubsys__bluetooth__controller.a(ticker.c.obj)
 .text.ticks_to_expire_prep
                0x0000000000009e1c       0x48 zephyr/subsys/bluetooth/controller/libsubsys__bluetooth__controller.a(ticker.c.obj)
 .text.start_us.constprop.0
                0x0000000000009e64       0xac zephyr/subsys/bluetooth/controller/libsubsys__bluetooth__controller.a(ticker.c.obj)
 .text.ticker_job_list_insert
                0x0000000000009f10      0x218 zephyr/subsys/bluetooth/controller/libsubsys__bluetooth__controller.a(ticker.c.obj)
 .text.ticker_worker
                0x000000000000a128      0x390 zephyr/subsys/bluetooth/controller/libsubsys__bluetooth__controller.a(ticker.c.obj)
                0x000000000000a128                ticker_worker
 .text.ticker_job
                0x000000000000a4b8      0xa00 zephyr/subsys/bluetooth/controller/libsubsys__bluetooth__controller.a(ticker.c.obj)
                0x000000000000a4b8                ticker_job
 .text.ticker_init
                0x000000000000aeb8       0x64 zephyr/subsys/bluetooth/controller/libsubsys__bluetooth__controller.a(ticker.c.obj)
                0x000000000000aeb8                ticker_init
 .text.ticker_deinit
                0x000000000000af1c       0x20 zephyr/subsys/bluetooth/controller/libsubsys__bluetooth__controller.a(ticker.c.obj)
                0x000000000000af1c                ticker_deinit
 .text.ticker_trigger
                0x000000000000af3c       0x30 zephyr/subsys/bluetooth/controller/libsubsys__bluetooth__controller.a(ticker.c.obj)
                0x000000000000af3c                ticker_trigger
 .text.ticker_start
                0x000000000000af6c       0x38 zephyr/subsys/bluetooth/controller/libsubsys__bluetooth__controller.a(ticker.c.obj)
                0x000000000000af6c                ticker_start
 .text.ticker_start_ext
                0x000000000000afa4       0x10 zephyr/subsys/bluetooth/controller/libsubsys__bluetooth__controller.a(ticker.c.obj)
                0x000000000000afa4                ticker_start_ext
 .text.ticker_update_ext
                0x000000000000afb4       0xb0 zephyr/subsys/bluetooth/controller/libsubsys__bluetooth__controller.a(ticker.c.obj)
                0x000000000000afb4                ticker_update_ext
 .text.ticker_update
                0x000000000000b064       0x30 zephyr/subsys/bluetooth/controller/libsubsys__bluetooth__controller.a(ticker.c.obj)
                0x000000000000b064                ticker_update
 .text.ticker_stop
                0x000000000000b094       0x84 zephyr/subsys/bluetooth/controller/libsubsys__bluetooth__controller.a(ticker.c.obj)
                0x000000000000b094                ticker_stop
 .text.ticker_stop_abs
                0x000000000000b118       0x88 zephyr/subsys/bluetooth/controller/libsubsys__bluetooth__controller.a(ticker.c.obj)
                0x000000000000b118                ticker_stop_abs
 .text.ticker_ticks_now_get
                0x000000000000b1a0        0x4 zephyr/subsys/bluetooth/controller/libsubsys__bluetooth__controller.a(ticker.c.obj)
                0x000000000000b1a0                ticker_ticks_now_get
 .text.ticker_ticks_diff_get
                0x000000000000b1a4        0x8 zephyr/subsys/bluetooth/controller/libsubsys__bluetooth__controller.a(ticker.c.obj)
                0x000000000000b1a4                ticker_ticks_diff_get
 .text.ll_feat_get
                0x000000000000b1ac        0xc zephyr/subsys/bluetooth/controller/libsubsys__bluetooth__controller.a(ll_feat.c.obj)
                0x000000000000b1ac                ll_feat_get
 .text.ll_tx_pwr_lvl_get
                0x000000000000b1b8       0x20 zephyr/subsys/bluetooth/controller/libsubsys__bluetooth__controller.a(ll_tx_pwr.c.obj)
                0x000000000000b1b8                ll_tx_pwr_lvl_get
 .text.ll_tx_pwr_get
                0x000000000000b1d8        0x8 zephyr/subsys/bluetooth/controller/libsubsys__bluetooth__controller.a(ll_tx_pwr.c.obj)
                0x000000000000b1d8                ll_tx_pwr_get
 .text.ll_addr_set
                0x000000000000b1e0       0x38 zephyr/subsys/bluetooth/controller/libsubsys__bluetooth__controller.a(ll_addr.c.obj)
                0x000000000000b1e0                ll_addr_set
 .text.ll_addr_get
                0x000000000000b218       0x20 zephyr/subsys/bluetooth/controller/libsubsys__bluetooth__controller.a(ll_addr.c.obj)
                0x000000000000b218                ll_addr_get
 .text.ll_addr_read
                0x000000000000b238       0x28 zephyr/subsys/bluetooth/controller/libsubsys__bluetooth__controller.a(ll_addr.c.obj)
                0x000000000000b238                ll_addr_read
 .text.perform_lll_reset
                0x000000000000b260       0xa0 zephyr/subsys/bluetooth/controller/libsubsys__bluetooth__controller.a(ull.c.obj)
 .text.ull_ticker_status_give
                0x000000000000b300        0xc zephyr/subsys/bluetooth/controller/libsubsys__bluetooth__controller.a(ull.c.obj)
                0x000000000000b300                ull_ticker_status_give
 .text.disabled_cb
                0x000000000000b30c        0x4 zephyr/subsys/bluetooth/controller/libsubsys__bluetooth__controller.a(ull.c.obj)
 .text.tx_cmplt_get
                0x000000000000b310       0xb4 zephyr/subsys/bluetooth/controller/libsubsys__bluetooth__controller.a(ull.c.obj)
 .text.rx_replenish
                0x000000000000b3c4       0xf8 zephyr/subsys/bluetooth/controller/libsubsys__bluetooth__controller.a(ull.c.obj)
 .text.init_reset
                0x000000000000b4bc      0x138 zephyr/subsys/bluetooth/controller/libsubsys__bluetooth__controller.a(ull.c.obj)
 .text.rx_demux
                0x000000000000b5f4      0x2c8 zephyr/subsys/bluetooth/controller/libsubsys__bluetooth__controller.a(ull.c.obj)
 .text.ll_init  0x000000000000b8bc       0xe4 zephyr/subsys/bluetooth/controller/libsubsys__bluetooth__controller.a(ull.c.obj)
                0x000000000000b8bc                ll_init
 .text.ll_reset
                0x000000000000b9a0      0x13c zephyr/subsys/bluetooth/controller/libsubsys__bluetooth__controller.a(ull.c.obj)
                0x000000000000b9a0                ll_reset
 .text.ll_deinit
                0x000000000000badc       0x18 zephyr/subsys/bluetooth/controller/libsubsys__bluetooth__controller.a(ull.c.obj)
                0x000000000000badc                ll_deinit
 .text.ll_rx_get
                0x000000000000baf4       0xfc zephyr/subsys/bluetooth/controller/libsubsys__bluetooth__controller.a(ull.c.obj)
                0x000000000000baf4                ll_rx_get
 .text.ll_rx_dequeue
                0x000000000000bbf0      0x1a4 zephyr/subsys/bluetooth/controller/libsubsys__bluetooth__controller.a(ull.c.obj)
                0x000000000000bbf0                ll_rx_dequeue
 .text.ll_rx_mem_release
                0x000000000000bd94      0x1d4 zephyr/subsys/bluetooth/controller/libsubsys__bluetooth__controller.a(ull.c.obj)
                0x000000000000bd94                ll_rx_mem_release
 .text.ll_rx_link_alloc
                0x000000000000bf68        0xc zephyr/subsys/bluetooth/controller/libsubsys__bluetooth__controller.a(ull.c.obj)
                0x000000000000bf68                ll_rx_link_alloc
 .text.ll_rx_link_release
                0x000000000000bf74        0xc zephyr/subsys/bluetooth/controller/libsubsys__bluetooth__controller.a(ull.c.obj)
                0x000000000000bf74                ll_rx_link_release
 .text.ll_rx_alloc
                0x000000000000bf80        0xc zephyr/subsys/bluetooth/controller/libsubsys__bluetooth__controller.a(ull.c.obj)
                0x000000000000bf80                ll_rx_alloc
 .text.ll_rx_release
                0x000000000000bf8c        0xc zephyr/subsys/bluetooth/controller/libsubsys__bluetooth__controller.a(ull.c.obj)
                0x000000000000bf8c                ll_rx_release
 .text.ll_rx_put
                0x000000000000bf98       0x18 zephyr/subsys/bluetooth/controller/libsubsys__bluetooth__controller.a(ull.c.obj)
                0x000000000000bf98                ll_rx_put
 .text.ll_rx_put_sched
                0x000000000000bfb0       0x28 zephyr/subsys/bluetooth/controller/libsubsys__bluetooth__controller.a(ull.c.obj)
                0x000000000000bfb0                ll_rx_put_sched
 .text.ll_pdu_rx_alloc_peek
                0x000000000000bfd8       0x34 zephyr/subsys/bluetooth/controller/libsubsys__bluetooth__controller.a(ull.c.obj)
                0x000000000000bfd8                ll_pdu_rx_alloc_peek
 .text.ll_pdu_rx_alloc
                0x000000000000c00c       0x24 zephyr/subsys/bluetooth/controller/libsubsys__bluetooth__controller.a(ull.c.obj)
                0x000000000000c00c                ll_pdu_rx_alloc
 .text.ll_tx_ack_put
                0x000000000000c030       0x60 zephyr/subsys/bluetooth/controller/libsubsys__bluetooth__controller.a(ull.c.obj)
                0x000000000000c030                ll_tx_ack_put
 .text.ull_ticker_status_take
                0x000000000000c090       0x24 zephyr/subsys/bluetooth/controller/libsubsys__bluetooth__controller.a(ull.c.obj)
                0x000000000000c090                ull_ticker_status_take
 .text.ull_disable_mark
                0x000000000000c0b4       0x18 zephyr/subsys/bluetooth/controller/libsubsys__bluetooth__controller.a(ull.c.obj)
                0x000000000000c0b4                ull_disable_mark
 .text.ull_disable_unmark
                0x000000000000c0cc       0x18 zephyr/subsys/bluetooth/controller/libsubsys__bluetooth__controller.a(ull.c.obj)
                0x000000000000c0cc                ull_disable_unmark
 .text.ull_disable_mark_get
                0x000000000000c0e4        0xc zephyr/subsys/bluetooth/controller/libsubsys__bluetooth__controller.a(ull.c.obj)
                0x000000000000c0e4                ull_disable_mark_get
 .text.ull_update_mark
                0x000000000000c0f0       0x18 zephyr/subsys/bluetooth/controller/libsubsys__bluetooth__controller.a(ull.c.obj)
                0x000000000000c0f0                ull_update_mark
 .text.ull_update_unmark
                0x000000000000c108       0x18 zephyr/subsys/bluetooth/controller/libsubsys__bluetooth__controller.a(ull.c.obj)
                0x000000000000c108                ull_update_unmark
 .text.ull_update_mark_get
                0x000000000000c120        0xc zephyr/subsys/bluetooth/controller/libsubsys__bluetooth__controller.a(ull.c.obj)
                0x000000000000c120                ull_update_mark_get
 .text.ull_disable
                0x000000000000c12c       0x7c zephyr/subsys/bluetooth/controller/libsubsys__bluetooth__controller.a(ull.c.obj)
                0x000000000000c12c                ull_disable
 .text.ull_ticker_stop_with_mark
                0x000000000000c1a8       0xa4 zephyr/subsys/bluetooth/controller/libsubsys__bluetooth__controller.a(ull.c.obj)
                0x000000000000c1a8                ull_ticker_stop_with_mark
 .text.ull_pdu_rx_alloc_peek
                0x000000000000c24c       0x34 zephyr/subsys/bluetooth/controller/libsubsys__bluetooth__controller.a(ull.c.obj)
                0x000000000000c24c                ull_pdu_rx_alloc_peek
 .text.ull_pdu_rx_alloc
                0x000000000000c280       0x24 zephyr/subsys/bluetooth/controller/libsubsys__bluetooth__controller.a(ull.c.obj)
                0x000000000000c280                ull_pdu_rx_alloc
 .text.ull_rx_put
                0x000000000000c2a4       0x20 zephyr/subsys/bluetooth/controller/libsubsys__bluetooth__controller.a(ull.c.obj)
                0x000000000000c2a4                ull_rx_put
 .text.ull_rx_sched
                0x000000000000c2c4       0x10 zephyr/subsys/bluetooth/controller/libsubsys__bluetooth__controller.a(ull.c.obj)
                0x000000000000c2c4                ull_rx_sched
 .text.ull_rx_put_sched
                0x000000000000c2d4       0x30 zephyr/subsys/bluetooth/controller/libsubsys__bluetooth__controller.a(ull.c.obj)
                0x000000000000c2d4                ull_rx_put_sched
 .text.ull_prepare_enqueue
                0x000000000000c304       0x74 zephyr/subsys/bluetooth/controller/libsubsys__bluetooth__controller.a(ull.c.obj)
                0x000000000000c304                ull_prepare_enqueue
 .text.ull_prepare_dequeue_get
                0x000000000000c378       0x1c zephyr/subsys/bluetooth/controller/libsubsys__bluetooth__controller.a(ull.c.obj)
                0x000000000000c378                ull_prepare_dequeue_get
 .text.ull_prepare_dequeue_iter
                0x000000000000c394       0x34 zephyr/subsys/bluetooth/controller/libsubsys__bluetooth__controller.a(ull.c.obj)
                0x000000000000c394                ull_prepare_dequeue_iter
 .text.ull_prepare_dequeue
                0x000000000000c3c8      0x160 zephyr/subsys/bluetooth/controller/libsubsys__bluetooth__controller.a(ull.c.obj)
                0x000000000000c3c8                ull_prepare_dequeue
 .text.ull_event_done_extra_get
                0x000000000000c528       0x1c zephyr/subsys/bluetooth/controller/libsubsys__bluetooth__controller.a(ull.c.obj)
                0x000000000000c528                ull_event_done_extra_get
 .text.ull_event_done
                0x000000000000c544       0x5c zephyr/subsys/bluetooth/controller/libsubsys__bluetooth__controller.a(ull.c.obj)
                0x000000000000c544                ull_event_done
 .text.lll_prepare
                0x000000000000c5a0       0x1c zephyr/subsys/bluetooth/controller/libsubsys__bluetooth__controller.a(lll_common.c.obj)
                0x000000000000c5a0                lll_prepare
 .text.lll_resume
                0x000000000000c5bc       0x50 zephyr/subsys/bluetooth/controller/libsubsys__bluetooth__controller.a(lll_common.c.obj)
                0x000000000000c5bc                lll_resume
 .text.bt_recv_prio
                0x000000000000c60c       0x20 zephyr/subsys/bluetooth/controller/libsubsys__bluetooth__controller.a(hci_driver.c.obj)
 .text.hci_driver_send
                0x000000000000c62c       0xa4 zephyr/subsys/bluetooth/controller/libsubsys__bluetooth__controller.a(hci_driver.c.obj)
 .text.hci_driver_close
                0x000000000000c6d0       0x50 zephyr/subsys/bluetooth/controller/libsubsys__bluetooth__controller.a(hci_driver.c.obj)
 .text.recv_thread
                0x000000000000c720      0x130 zephyr/subsys/bluetooth/controller/libsubsys__bluetooth__controller.a(hci_driver.c.obj)
 .text.prio_recv_thread
                0x000000000000c850      0x130 zephyr/subsys/bluetooth/controller/libsubsys__bluetooth__controller.a(hci_driver.c.obj)
 .text.hci_driver_open
                0x000000000000c980       0xcc zephyr/subsys/bluetooth/controller/libsubsys__bluetooth__controller.a(hci_driver.c.obj)
 .text.hci_recv_fifo_reset
                0x000000000000ca4c       0x20 zephyr/subsys/bluetooth/controller/libsubsys__bluetooth__controller.a(hci_driver.c.obj)
                0x000000000000ca4c                hci_recv_fifo_reset
 .text.le_remote_feat_complete
                0x000000000000ca6c       0x78 zephyr/subsys/bluetooth/controller/libsubsys__bluetooth__controller.a(hci.c.obj)
 .text.hci_vendor_cmd_handle_common
                0x000000000000cae4      0x194 zephyr/subsys/bluetooth/controller/libsubsys__bluetooth__controller.a(hci.c.obj)
                0x000000000000cae4                hci_vendor_cmd_handle_common
 .text.hci_cmd_handle
                0x000000000000cc78      0x72c zephyr/subsys/bluetooth/controller/libsubsys__bluetooth__controller.a(hci.c.obj)
                0x000000000000cc78                hci_cmd_handle
 .text.hci_acl_handle
                0x000000000000d3a4      0x10c zephyr/subsys/bluetooth/controller/libsubsys__bluetooth__controller.a(hci.c.obj)
                0x000000000000d3a4                hci_acl_handle
 .text.hci_disconn_complete_encode
                0x000000000000d4b0       0x40 zephyr/subsys/bluetooth/controller/libsubsys__bluetooth__controller.a(hci.c.obj)
                0x000000000000d4b0                hci_disconn_complete_encode
 .text.hci_disconn_complete_process
                0x000000000000d4f0       0x10 zephyr/subsys/bluetooth/controller/libsubsys__bluetooth__controller.a(hci.c.obj)
                0x000000000000d4f0                hci_disconn_complete_process
 .text.hci_acl_encode
                0x000000000000d500       0x78 zephyr/subsys/bluetooth/controller/libsubsys__bluetooth__controller.a(hci.c.obj)
                0x000000000000d500                hci_acl_encode
 .text.hci_evt_encode
                0x000000000000d578      0x500 zephyr/subsys/bluetooth/controller/libsubsys__bluetooth__controller.a(hci.c.obj)
                0x000000000000d578                hci_evt_encode
 .text.hci_num_cmplt_encode
                0x000000000000da78       0x30 zephyr/subsys/bluetooth/controller/libsubsys__bluetooth__controller.a(hci.c.obj)
                0x000000000000da78                hci_num_cmplt_encode
 .text.hci_get_class
                0x000000000000daa8       0x2c zephyr/subsys/bluetooth/controller/libsubsys__bluetooth__controller.a(hci.c.obj)
                0x000000000000daa8                hci_get_class
 .text.hci_init
                0x000000000000dad4       0x40 zephyr/subsys/bluetooth/controller/libsubsys__bluetooth__controller.a(hci.c.obj)
                0x000000000000dad4                hci_init
 .text.ticker_stop_cb
                0x000000000000db14       0x90 zephyr/subsys/bluetooth/controller/libsubsys__bluetooth__controller.a(ull_adv.c.obj)
 .text.disabled_cb
                0x000000000000dba4       0x94 zephyr/subsys/bluetooth/controller/libsubsys__bluetooth__controller.a(ull_adv.c.obj)
 .text.ticker_stop_op_cb
                0x000000000000dc38       0x48 zephyr/subsys/bluetooth/controller/libsubsys__bluetooth__controller.a(ull_adv.c.obj)
 .text.adv_disable
                0x000000000000dc80       0x8c zephyr/subsys/bluetooth/controller/libsubsys__bluetooth__controller.a(ull_adv.c.obj)
 .text.ticker_update_op_cb
                0x000000000000dd0c       0x64 zephyr/subsys/bluetooth/controller/libsubsys__bluetooth__controller.a(ull_adv.c.obj)
 .text.init_set.constprop.0
                0x000000000000dd70       0x40 zephyr/subsys/bluetooth/controller/libsubsys__bluetooth__controller.a(ull_adv.c.obj)
 .text.conn_release.constprop.0
                0x000000000000ddb0       0x88 zephyr/subsys/bluetooth/controller/libsubsys__bluetooth__controller.a(ull_adv.c.obj)
 .text.disable.constprop.0
                0x000000000000de38      0x158 zephyr/subsys/bluetooth/controller/libsubsys__bluetooth__controller.a(ull_adv.c.obj)
 .text.adv_time_get.constprop.0
                0x000000000000df90       0x74 zephyr/subsys/bluetooth/controller/libsubsys__bluetooth__controller.a(ull_adv.c.obj)
 .text.ticker_cb
                0x000000000000e004      0x14c zephyr/subsys/bluetooth/controller/libsubsys__bluetooth__controller.a(ull_adv.c.obj)
 .text.ll_adv_params_set
                0x000000000000e150      0x1d4 zephyr/subsys/bluetooth/controller/libsubsys__bluetooth__controller.a(ull_adv.c.obj)
                0x000000000000e150                ll_adv_params_set
 .text.ull_adv_init
                0x000000000000e324       0x20 zephyr/subsys/bluetooth/controller/libsubsys__bluetooth__controller.a(ull_adv.c.obj)
                0x000000000000e324                ull_adv_init
 .text.ull_adv_reset
                0x000000000000e344        0xc zephyr/subsys/bluetooth/controller/libsubsys__bluetooth__controller.a(ull_adv.c.obj)
                0x000000000000e344                ull_adv_reset
 .text.ull_adv_reset_finalize
                0x000000000000e350       0x2c zephyr/subsys/bluetooth/controller/libsubsys__bluetooth__controller.a(ull_adv.c.obj)
                0x000000000000e350                ull_adv_reset_finalize
 .text.ull_adv_handle_get
                0x000000000000e37c       0x18 zephyr/subsys/bluetooth/controller/libsubsys__bluetooth__controller.a(ull_adv.c.obj)
                0x000000000000e37c                ull_adv_handle_get
 .text.ull_adv_lll_handle_get
                0x000000000000e394       0x1c zephyr/subsys/bluetooth/controller/libsubsys__bluetooth__controller.a(ull_adv.c.obj)
                0x000000000000e394                ull_adv_lll_handle_get
 .text.ull_adv_is_enabled
                0x000000000000e3b0       0x18 zephyr/subsys/bluetooth/controller/libsubsys__bluetooth__controller.a(ull_adv.c.obj)
                0x000000000000e3b0                ull_adv_is_enabled
 .text.ull_adv_data_set
                0x000000000000e3c8       0xc4 zephyr/subsys/bluetooth/controller/libsubsys__bluetooth__controller.a(ull_adv.c.obj)
                0x000000000000e3c8                ull_adv_data_set
 .text.ll_adv_data_set
                0x000000000000e48c       0x10 zephyr/subsys/bluetooth/controller/libsubsys__bluetooth__controller.a(ull_adv.c.obj)
                0x000000000000e48c                ll_adv_data_set
 .text.ull_scan_rsp_set
                0x000000000000e49c       0xcc zephyr/subsys/bluetooth/controller/libsubsys__bluetooth__controller.a(ull_adv.c.obj)
                0x000000000000e49c                ull_scan_rsp_set
 .text.ll_adv_scan_rsp_set
                0x000000000000e568       0x10 zephyr/subsys/bluetooth/controller/libsubsys__bluetooth__controller.a(ull_adv.c.obj)
                0x000000000000e568                ll_adv_scan_rsp_set
 .text.tx_lll_flush
                0x000000000000e578       0xe8 zephyr/subsys/bluetooth/controller/libsubsys__bluetooth__controller.a(ull_conn.c.obj)
 .text.disabled_cb
                0x000000000000e660       0x44 zephyr/subsys/bluetooth/controller/libsubsys__bluetooth__controller.a(ull_conn.c.obj)
 .text.conn_disable
                0x000000000000e6a4       0x8c zephyr/subsys/bluetooth/controller/libsubsys__bluetooth__controller.a(ull_conn.c.obj)
 .text.conn_setup_adv_scan_disabled_cb
                0x000000000000e730       0x48 zephyr/subsys/bluetooth/controller/libsubsys__bluetooth__controller.a(ull_conn.c.obj)
 .text.ticker_stop_op_cb
                0x000000000000e778       0x74 zephyr/subsys/bluetooth/controller/libsubsys__bluetooth__controller.a(ull_conn.c.obj)
 .text.ticker_update_conn_op_cb
                0x000000000000e7ec       0x44 zephyr/subsys/bluetooth/controller/libsubsys__bluetooth__controller.a(ull_conn.c.obj)
 .text.ticker_start_conn_op_cb
                0x000000000000e830       0x60 zephyr/subsys/bluetooth/controller/libsubsys__bluetooth__controller.a(ull_conn.c.obj)
 .text.ticker_stop_conn_op_cb
                0x000000000000e890       0x60 zephyr/subsys/bluetooth/controller/libsubsys__bluetooth__controller.a(ull_conn.c.obj)
 .text.init_reset
                0x000000000000e8f0       0x70 zephyr/subsys/bluetooth/controller/libsubsys__bluetooth__controller.a(ull_conn.c.obj)
 .text.ll_conn_acquire
                0x000000000000e960        0xc zephyr/subsys/bluetooth/controller/libsubsys__bluetooth__controller.a(ull_conn.c.obj)
                0x000000000000e960                ll_conn_acquire
 .text.ll_conn_release
                0x000000000000e96c        0xc zephyr/subsys/bluetooth/controller/libsubsys__bluetooth__controller.a(ull_conn.c.obj)
                0x000000000000e96c                ll_conn_release
 .text.ll_conn_handle_get
                0x000000000000e978       0x10 zephyr/subsys/bluetooth/controller/libsubsys__bluetooth__controller.a(ull_conn.c.obj)
                0x000000000000e978                ll_conn_handle_get
 .text.ll_conn_get
                0x000000000000e988       0x18 zephyr/subsys/bluetooth/controller/libsubsys__bluetooth__controller.a(ull_conn.c.obj)
                0x000000000000e988                ll_conn_get
 .text.ll_connected_get
                0x000000000000e9a0       0x24 zephyr/subsys/bluetooth/controller/libsubsys__bluetooth__controller.a(ull_conn.c.obj)
                0x000000000000e9a0                ll_connected_get
 .text.ll_tx_mem_acquire
                0x000000000000e9c4        0xc zephyr/subsys/bluetooth/controller/libsubsys__bluetooth__controller.a(ull_conn.c.obj)
                0x000000000000e9c4                ll_tx_mem_acquire
 .text.ll_tx_mem_release
                0x000000000000e9d0        0xc zephyr/subsys/bluetooth/controller/libsubsys__bluetooth__controller.a(ull_conn.c.obj)
                0x000000000000e9d0                ll_tx_mem_release
 .text.ll_tx_mem_enqueue
                0x000000000000e9dc       0x94 zephyr/subsys/bluetooth/controller/libsubsys__bluetooth__controller.a(ull_conn.c.obj)
                0x000000000000e9dc                ll_tx_mem_enqueue
 .text.ll_conn_update
                0x000000000000ea70       0x88 zephyr/subsys/bluetooth/controller/libsubsys__bluetooth__controller.a(ull_conn.c.obj)
                0x000000000000ea70                ll_conn_update
 .text.ll_chm_get
                0x000000000000eaf8       0x48 zephyr/subsys/bluetooth/controller/libsubsys__bluetooth__controller.a(ull_conn.c.obj)
                0x000000000000eaf8                ll_chm_get
 .text.ll_terminate_ind_send
                0x000000000000eb40       0x70 zephyr/subsys/bluetooth/controller/libsubsys__bluetooth__controller.a(ull_conn.c.obj)
                0x000000000000eb40                ll_terminate_ind_send
 .text.ll_feature_req_send
                0x000000000000ebb0       0x44 zephyr/subsys/bluetooth/controller/libsubsys__bluetooth__controller.a(ull_conn.c.obj)
                0x000000000000ebb0                ll_feature_req_send
 .text.ll_version_ind_send
                0x000000000000ebf4       0x44 zephyr/subsys/bluetooth/controller/libsubsys__bluetooth__controller.a(ull_conn.c.obj)
                0x000000000000ebf4                ll_version_ind_send
 .text.ll_phy_get
                0x000000000000ec38       0x40 zephyr/subsys/bluetooth/controller/libsubsys__bluetooth__controller.a(ull_conn.c.obj)
                0x000000000000ec38                ll_phy_get
 .text.ll_phy_default_set
                0x000000000000ec78       0x14 zephyr/subsys/bluetooth/controller/libsubsys__bluetooth__controller.a(ull_conn.c.obj)
                0x000000000000ec78                ll_phy_default_set
 .text.ll_phy_req_send
                0x000000000000ec8c       0x68 zephyr/subsys/bluetooth/controller/libsubsys__bluetooth__controller.a(ull_conn.c.obj)
                0x000000000000ec8c                ll_phy_req_send
 .text.ll_apto_get
                0x000000000000ecf4       0x6c zephyr/subsys/bluetooth/controller/libsubsys__bluetooth__controller.a(ull_conn.c.obj)
                0x000000000000ecf4                ll_apto_get
 .text.ll_apto_set
                0x000000000000ed60       0x64 zephyr/subsys/bluetooth/controller/libsubsys__bluetooth__controller.a(ull_conn.c.obj)
                0x000000000000ed60                ll_apto_set
 .text.ull_conn_init
                0x000000000000edc4        0x4 zephyr/subsys/bluetooth/controller/libsubsys__bluetooth__controller.a(ull_conn.c.obj)
                0x000000000000edc4                ull_conn_init
 .text.ull_conn_reset
                0x000000000000edc8       0xa8 zephyr/subsys/bluetooth/controller/libsubsys__bluetooth__controller.a(ull_conn.c.obj)
                0x000000000000edc8                ull_conn_reset
 .text.ull_conn_default_phy_tx_get
                0x000000000000ee70        0xc zephyr/subsys/bluetooth/controller/libsubsys__bluetooth__controller.a(ull_conn.c.obj)
                0x000000000000ee70                ull_conn_default_phy_tx_get
 .text.ull_conn_default_phy_rx_get
                0x000000000000ee7c        0xc zephyr/subsys/bluetooth/controller/libsubsys__bluetooth__controller.a(ull_conn.c.obj)
                0x000000000000ee7c                ull_conn_default_phy_rx_get
 .text.ull_conn_setup
                0x000000000000ee88       0x54 zephyr/subsys/bluetooth/controller/libsubsys__bluetooth__controller.a(ull_conn.c.obj)
                0x000000000000ee88                ull_conn_setup
 .text.ull_conn_rx
                0x000000000000eedc       0x78 zephyr/subsys/bluetooth/controller/libsubsys__bluetooth__controller.a(ull_conn.c.obj)
                0x000000000000eedc                ull_conn_rx
 .text.ull_conn_llcp
                0x000000000000ef54       0x68 zephyr/subsys/bluetooth/controller/libsubsys__bluetooth__controller.a(ull_conn.c.obj)
                0x000000000000ef54                ull_conn_llcp
 .text.ull_conn_tx_demux
                0x000000000000efbc       0x7c zephyr/subsys/bluetooth/controller/libsubsys__bluetooth__controller.a(ull_conn.c.obj)
                0x000000000000efbc                ull_conn_tx_demux
 .text.conn_cleanup
                0x000000000000f038      0x130 zephyr/subsys/bluetooth/controller/libsubsys__bluetooth__controller.a(ull_conn.c.obj)
 .text.ull_conn_tx_lll_enqueue
                0x000000000000f168       0x90 zephyr/subsys/bluetooth/controller/libsubsys__bluetooth__controller.a(ull_conn.c.obj)
                0x000000000000f168                ull_conn_tx_lll_enqueue
 .text.tx_demux
                0x000000000000f1f8       0x18 zephyr/subsys/bluetooth/controller/libsubsys__bluetooth__controller.a(ull_conn.c.obj)
 .text.ull_conn_link_tx_release
                0x000000000000f210        0xc zephyr/subsys/bluetooth/controller/libsubsys__bluetooth__controller.a(ull_conn.c.obj)
                0x000000000000f210                ull_conn_link_tx_release
 .text.ull_conn_ack_last_idx_get
                0x000000000000f21c        0xc zephyr/subsys/bluetooth/controller/libsubsys__bluetooth__controller.a(ull_conn.c.obj)
                0x000000000000f21c                ull_conn_ack_last_idx_get
 .text.ull_conn_ack_peek
                0x000000000000f228       0x30 zephyr/subsys/bluetooth/controller/libsubsys__bluetooth__controller.a(ull_conn.c.obj)
                0x000000000000f228                ull_conn_ack_peek
 .text.ull_conn_ack_by_last_peek
                0x000000000000f258       0x24 zephyr/subsys/bluetooth/controller/libsubsys__bluetooth__controller.a(ull_conn.c.obj)
                0x000000000000f258                ull_conn_ack_by_last_peek
 .text.ull_conn_ack_dequeue
                0x000000000000f27c       0x2c zephyr/subsys/bluetooth/controller/libsubsys__bluetooth__controller.a(ull_conn.c.obj)
                0x000000000000f27c                ull_conn_ack_dequeue
 .text.ull_conn_lll_ack_enqueue
                0x000000000000f2a8       0x60 zephyr/subsys/bluetooth/controller/libsubsys__bluetooth__controller.a(ull_conn.c.obj)
                0x000000000000f2a8                ull_conn_lll_ack_enqueue
 .text.ull_conn_tx_ack
                0x000000000000f308      0x110 zephyr/subsys/bluetooth/controller/libsubsys__bluetooth__controller.a(ull_conn.c.obj)
                0x000000000000f308                ull_conn_tx_ack
 .text.ull_conn_lll_max_tx_octets_get
                0x000000000000f418        0x4 zephyr/subsys/bluetooth/controller/libsubsys__bluetooth__controller.a(ull_conn.c.obj)
                0x000000000000f418                ull_conn_lll_max_tx_octets_get
 .text.ull_pdu_data_init
                0x000000000000f41c        0x4 zephyr/subsys/bluetooth/controller/libsubsys__bluetooth__controller.a(ull_conn.c.obj)
                0x000000000000f41c                ull_pdu_data_init
 .text.ull_conn_pause_rx_data
                0x000000000000f420       0x10 zephyr/subsys/bluetooth/controller/libsubsys__bluetooth__controller.a(ull_conn.c.obj)
                0x000000000000f420                ull_conn_pause_rx_data
 .text.ull_conn_resume_rx_data
                0x000000000000f430       0x10 zephyr/subsys/bluetooth/controller/libsubsys__bluetooth__controller.a(ull_conn.c.obj)
                0x000000000000f430                ull_conn_resume_rx_data
 .text.ull_conn_event_counter_at_prepare
                0x000000000000f440       0x10 zephyr/subsys/bluetooth/controller/libsubsys__bluetooth__controller.a(ull_conn.c.obj)
                0x000000000000f440                ull_conn_event_counter_at_prepare
 .text.ull_conn_event_counter
                0x000000000000f450       0x1c zephyr/subsys/bluetooth/controller/libsubsys__bluetooth__controller.a(ull_conn.c.obj)
                0x000000000000f450                ull_conn_event_counter
 .text.ull_conn_chan_map_set
                0x000000000000f46c       0x24 zephyr/subsys/bluetooth/controller/libsubsys__bluetooth__controller.a(ull_conn.c.obj)
                0x000000000000f46c                ull_conn_chan_map_set
 .text.ull_conn_lll_tx_queue_is_empty
                0x000000000000f490       0x14 zephyr/subsys/bluetooth/controller/libsubsys__bluetooth__controller.a(ull_conn.c.obj)
                0x000000000000f490                ull_conn_lll_tx_queue_is_empty
 .text.llcp_rp_enc_tx
                0x000000000000f4a4       0xc8 zephyr/subsys/bluetooth/controller/libsubsys__bluetooth__controller.a(ull_llcp_enc.c.obj)
 .text.rp_enc_send_enc_rsp.constprop.0
                0x000000000000f56c       0x90 zephyr/subsys/bluetooth/controller/libsubsys__bluetooth__controller.a(ull_llcp_enc.c.obj)
 .text.rp_enc_send_start_enc_req.constprop.0
                0x000000000000f5fc       0xb4 zephyr/subsys/bluetooth/controller/libsubsys__bluetooth__controller.a(ull_llcp_enc.c.obj)
 .text.rp_enc_execute_fsm
                0x000000000000f6b0      0x29c zephyr/subsys/bluetooth/controller/libsubsys__bluetooth__controller.a(ull_llcp_enc.c.obj)
 .text.llcp_rp_enc_rx
                0x000000000000f94c       0x40 zephyr/subsys/bluetooth/controller/libsubsys__bluetooth__controller.a(ull_llcp_enc.c.obj)
                0x000000000000f94c                llcp_rp_enc_rx
 .text.llcp_rp_enc_ltk_req_reply
                0x000000000000f98c        0x8 zephyr/subsys/bluetooth/controller/libsubsys__bluetooth__controller.a(ull_llcp_enc.c.obj)
                0x000000000000f98c                llcp_rp_enc_ltk_req_reply
 .text.llcp_rp_enc_ltk_req_neg_reply
                0x000000000000f994        0x8 zephyr/subsys/bluetooth/controller/libsubsys__bluetooth__controller.a(ull_llcp_enc.c.obj)
                0x000000000000f994                llcp_rp_enc_ltk_req_neg_reply
 .text.llcp_rp_enc_ltk_req_reply_allowed
                0x000000000000f99c       0x10 zephyr/subsys/bluetooth/controller/libsubsys__bluetooth__controller.a(ull_llcp_enc.c.obj)
                0x000000000000f99c                llcp_rp_enc_ltk_req_reply_allowed
 .text.llcp_rp_enc_run
                0x000000000000f9ac        0x8 zephyr/subsys/bluetooth/controller/libsubsys__bluetooth__controller.a(ull_llcp_enc.c.obj)
                0x000000000000f9ac                llcp_rp_enc_run
 .text.pu_check_update_ind
                0x000000000000f9b4       0x60 zephyr/subsys/bluetooth/controller/libsubsys__bluetooth__controller.a(ull_llcp_phy.c.obj)
 .text.pu_ntf   0x000000000000fa14       0xac zephyr/subsys/bluetooth/controller/libsubsys__bluetooth__controller.a(ull_llcp_phy.c.obj)
 .text.lp_pu_send_phy_req.constprop.0.isra.0
                0x000000000000fac0      0x110 zephyr/subsys/bluetooth/controller/libsubsys__bluetooth__controller.a(ull_llcp_phy.c.obj)
 .text.rp_pu_send_phy_rsp.isra.0
                0x000000000000fbd0       0xbc zephyr/subsys/bluetooth/controller/libsubsys__bluetooth__controller.a(ull_llcp_phy.c.obj)
 .text.lp_pu_execute_fsm
                0x000000000000fc8c      0x2bc zephyr/subsys/bluetooth/controller/libsubsys__bluetooth__controller.a(ull_llcp_phy.c.obj)
 .text.rp_pu_execute_fsm
                0x000000000000ff48      0x24c zephyr/subsys/bluetooth/controller/libsubsys__bluetooth__controller.a(ull_llcp_phy.c.obj)
 .text.llcp_lp_pu_rx
                0x0000000000010194       0x40 zephyr/subsys/bluetooth/controller/libsubsys__bluetooth__controller.a(ull_llcp_phy.c.obj)
                0x0000000000010194                llcp_lp_pu_rx
 .text.llcp_lp_pu_run
                0x00000000000101d4        0x8 zephyr/subsys/bluetooth/controller/libsubsys__bluetooth__controller.a(ull_llcp_phy.c.obj)
                0x00000000000101d4                llcp_lp_pu_run
 .text.llcp_lp_pu_tx_ack
                0x00000000000101dc        0x8 zephyr/subsys/bluetooth/controller/libsubsys__bluetooth__controller.a(ull_llcp_phy.c.obj)
                0x00000000000101dc                llcp_lp_pu_tx_ack
 .text.llcp_lp_pu_tx_ntf
                0x00000000000101e4       0x60 zephyr/subsys/bluetooth/controller/libsubsys__bluetooth__controller.a(ull_llcp_phy.c.obj)
                0x00000000000101e4                llcp_lp_pu_tx_ntf
 .text.llcp_rp_pu_rx
                0x0000000000010244       0x3c zephyr/subsys/bluetooth/controller/libsubsys__bluetooth__controller.a(ull_llcp_phy.c.obj)
                0x0000000000010244                llcp_rp_pu_rx
 .text.llcp_rp_pu_run
                0x0000000000010280        0x8 zephyr/subsys/bluetooth/controller/libsubsys__bluetooth__controller.a(ull_llcp_phy.c.obj)
                0x0000000000010280                llcp_rp_pu_run
 .text.llcp_rp_pu_tx_ack
                0x0000000000010288        0x8 zephyr/subsys/bluetooth/controller/libsubsys__bluetooth__controller.a(ull_llcp_phy.c.obj)
                0x0000000000010288                llcp_rp_pu_tx_ack
 .text.llcp_rp_pu_tx_ntf
                0x0000000000010290        0x8 zephyr/subsys/bluetooth/controller/libsubsys__bluetooth__controller.a(ull_llcp_phy.c.obj)
                0x0000000000010290                llcp_rp_pu_tx_ntf
 .text.ull_tx_q_init
                0x0000000000010298       0x10 zephyr/subsys/bluetooth/controller/libsubsys__bluetooth__controller.a(ull_tx_queue.c.obj)
                0x0000000000010298                ull_tx_q_init
 .text.ull_tx_q_pause_data
                0x00000000000102a8        0x8 zephyr/subsys/bluetooth/controller/libsubsys__bluetooth__controller.a(ull_tx_queue.c.obj)
                0x00000000000102a8                ull_tx_q_pause_data
 .text.ull_tx_q_resume_data
                0x00000000000102b0       0x30 zephyr/subsys/bluetooth/controller/libsubsys__bluetooth__controller.a(ull_tx_queue.c.obj)
                0x00000000000102b0                ull_tx_q_resume_data
 .text.ull_tx_q_enqueue_data
                0x00000000000102e0       0x28 zephyr/subsys/bluetooth/controller/libsubsys__bluetooth__controller.a(ull_tx_queue.c.obj)
                0x00000000000102e0                ull_tx_q_enqueue_data
 .text.ull_tx_q_enqueue_ctrl